Component: ARM Compiler 5.06 update 5 (build 528) Tool: armlink [4d35e2]

==============================================================================

Section Cross References

    settings.o(i.SetSysClockTo72) refers to stm32f10x_rcc.o(i.RCC_DeInit) for RCC_DeInit
    settings.o(i.SetSysClockTo72) refers to stm32f10x_rcc.o(i.RCC_HSEConfig) for RCC_HSEConfig
    settings.o(i.SetSysClockTo72) refers to stm32f10x_rcc.o(i.RCC_WaitForHSEStartUp) for RCC_WaitForHSEStartUp
    settings.o(i.SetSysClockTo72) refers to stm32f10x_rcc.o(i.RCC_HCLKConfig) for RCC_HCLKConfig
    settings.o(i.SetSysClockTo72) refers to stm32f10x_rcc.o(i.RCC_PCLK2Config) for RCC_PCLK2Config
    settings.o(i.SetSysClockTo72) refers to stm32f10x_rcc.o(i.RCC_PCLK1Config) for RCC_PCLK1Config
    settings.o(i.SetSysClockTo72) refers to stm32f10x_rcc.o(i.RCC_PLLConfig) for RCC_PLLConfig
    settings.o(i.SetSysClockTo72) refers to stm32f10x_rcc.o(i.RCC_PLLCmd) for RCC_PLLCmd
    settings.o(i.SetSysClockTo72) refers to stm32f10x_rcc.o(i.RCC_GetFlagStatus) for RCC_GetFlagStatus
    settings.o(i.SetSysClockTo72) refers to stm32f10x_rcc.o(i.RCC_SYSCLKConfig) for RCC_SYSCLKConfig
    settings.o(i.SetSysClockTo72) refers to stm32f10x_rcc.o(i.RCC_GetSYSCLKSource) for RCC_GetSYSCLKSource
    settings.o(i.SysTick_Handler) refers to settings.o(.data) for delay_ms_count
    settings.o(i.SysTick_setting) refers to misc.o(i.NVIC_PriorityGroupConfig) for NVIC_PriorityGroupConfig
    settings.o(i.SysTick_setting) refers to misc.o(i.SysTick_CLKSourceConfig) for SysTick_CLKSourceConfig
    settings.o(i.SysTick_setting) refers to settings.o(i.__NVIC_SetPriority) for __NVIC_SetPriority
    settings.o(i.delay_ms) refers to settings.o(i.__NVIC_SetPriority) for __NVIC_SetPriority
    settings.o(i.delay_ms) refers to settings.o(.data) for delay_ms_count
    settings.o(i.delay_ms) refers to system_stm32f10x.o(.data) for SystemCoreClock
    settings.o(i.delay_s) refers to settings.o(i.delay_ms) for delay_ms
    main.o(i.TIM2_IRQHandler) refers to stm32f10x_tim.o(i.TIM_GetITStatus) for TIM_GetITStatus
    main.o(i.TIM2_IRQHandler) refers to proximitysensors.o(i.ProximitySensors_Read) for ProximitySensors_Read
    main.o(i.TIM2_IRQHandler) refers to rpconnection.o(i.getNeededSpeed) for getNeededSpeed
    main.o(i.TIM2_IRQHandler) refers to engine.o(i.ChangeSpeed) for ChangeSpeed
    main.o(i.TIM2_IRQHandler) refers to servo.o(i.GetAngle) for GetAngle
    main.o(i.TIM2_IRQHandler) refers to rpconnection.o(i.getNeededAngle) for getNeededAngle
    main.o(i.TIM2_IRQHandler) refers to servo.o(i.ChangeAngle) for ChangeAngle
    main.o(i.TIM2_IRQHandler) refers to stm32f10x_tim.o(i.TIM_ClearITPendingBit) for TIM_ClearITPendingBit
    main.o(i.TIM2_IRQHandler) refers to main.o(.data) for times
    main.o(i.TIMTransmit_IRQ_Init) refers to stm32f10x_rcc.o(i.RCC_APB1PeriphClockCmd) for RCC_APB1PeriphClockCmd
    main.o(i.TIMTransmit_IRQ_Init) refers to stm32f10x_tim.o(i.TIM_TimeBaseInit) for TIM_TimeBaseInit
    main.o(i.TIMTransmit_IRQ_Init) refers to stm32f10x_tim.o(i.TIM_Cmd) for TIM_Cmd
    main.o(i.TIMTransmit_IRQ_Init) refers to stm32f10x_tim.o(i.TIM_ITConfig) for TIM_ITConfig
    main.o(i.TIMTransmit_IRQ_Init) refers to misc.o(i.NVIC_Init) for NVIC_Init
    main.o(i.main) refers to settings.o(i.SetSysClockTo72) for SetSysClockTo72
    main.o(i.main) refers to settings.o(i.SysTick_setting) for SysTick_setting
    main.o(i.main) refers to proximitysensors.o(i.ProximitySensors_Init) for ProximitySensors_Init
    main.o(i.main) refers to engine.o(i.OptronInit) for OptronInit
    main.o(i.main) refers to engine.o(i.EngineInit) for EngineInit
    main.o(i.main) refers to servo.o(i.ServoInit) for ServoInit
    main.o(i.main) refers to rpconnection.o(i.RPConnection_Init) for RPConnection_Init
    main.o(i.main) refers to main.o(i.TIMTransmit_IRQ_Init) for TIMTransmit_IRQ_Init
    engine.o(i.ChangeSpeed) refers to dflt_clz.o(x$fpl$dflt) for __aeabi_i2d
    engine.o(i.ChangeSpeed) refers to dflt_clz.o(x$fpl$dfltu) for __aeabi_ui2d
    engine.o(i.ChangeSpeed) refers to ddiv.o(x$fpl$ddiv) for __aeabi_ddiv
    engine.o(i.ChangeSpeed) refers to pid.o(i.EnginePID) for EnginePID
    engine.o(i.ChangeSpeed) refers to daddsub_clz.o(x$fpl$dadd) for __aeabi_dadd
    engine.o(i.ChangeSpeed) refers to dfixu.o(x$fpl$dfixu) for __aeabi_d2uiz
    engine.o(i.ChangeSpeed) refers to stm32f10x_tim.o(i.TIM_SetCompare3) for TIM_SetCompare3
    engine.o(i.ChangeSpeed) refers to stm32f10x_tim.o(i.TIM_SetCompare4) for TIM_SetCompare4
    engine.o(i.ChangeSpeed) refers to engine.o(.data) for speedNow
    engine.o(i.EXTI15_10_IRQHandler) refers to stm32f10x_exti.o(i.EXTI_GetITStatus) for EXTI_GetITStatus
    engine.o(i.EXTI15_10_IRQHandler) refers to stm32f10x_exti.o(i.EXTI_ClearITPendingBit) for EXTI_ClearITPendingBit
    engine.o(i.EXTI15_10_IRQHandler) refers to engine.o(.data) for speedNow
    engine.o(i.EngineInit) refers to stm32f10x_rcc.o(i.RCC_APB1PeriphClockCmd) for RCC_APB1PeriphClockCmd
[...]
    .text                                    0x08000234   Section        0  sys_exit.o(.text)
    .text                                    0x08000240   Section        2  use_no_semi.o(.text)
    .text                                    0x08000242   Section        0  indicate_semi.o(.text)
    i.ADC_AutoInjectedConvCmd                0x08000242   Section        0  stm32f10x_adc.o(i.ADC_AutoInjectedConvCmd)
    i.ADC_Cmd                                0x08000258   Section        0  stm32f10x_adc.o(i.ADC_Cmd)
    i.ADC_ExternalTrigInjectedConvConfig     0x0800026e   Section        0  stm32f10x_adc.o(i.ADC_ExternalTrigInjectedConvConfig)
    i.ADC_GetCalibrationStatus               0x0800027e   Section        0  stm32f10x_adc.o(i.ADC_GetCalibrationStatus)
    i.ADC_GetInjectedConversionValue         0x08000292   Section        0  stm32f10x_adc.o(i.ADC_GetInjectedConversionValue)
    i.ADC_GetResetCalibrationStatus          0x080002ae   Section        0  stm32f10x_adc.o(i.ADC_GetResetCalibrationStatus)
    i.ADC_Init                               0x080002c4   Section        0  stm32f10x_adc.o(i.ADC_Init)
    i.ADC_InjectedChannelConfig              0x08000314   Section        0  stm32f10x_adc.o(i.ADC_InjectedChannelConfig)
    i.ADC_InjectedSequencerLengthConfig      0x08000396   Section        0  stm32f10x_adc.o(i.ADC_InjectedSequencerLengthConfig)
    i.ADC_ResetCalibration                   0x080003ae   Section        0  stm32f10x_adc.o(i.ADC_ResetCalibration)
    i.ADC_SoftwareStartInjectedConvCmd       0x080003b8   Section        0  stm32f10x_adc.o(i.ADC_SoftwareStartInjectedConvCmd)
    i.ADC_StartCalibration                   0x080003ce   Section        0  stm32f10x_adc.o(i.ADC_StartCalibration)
    i.AngletoPWM                             0x080003d8   Section        0  servo.o(i.AngletoPWM)
    AngletoPWM                               0x080003d9   Thumb Code    10  servo.o(i.AngletoPWM)
    i.ChangeAngle                            0x080003e4   Section        0  servo.o(i.ChangeAngle)
    i.ChangeSpeed                            0x08000400   Section        0  engine.o(i.ChangeSpeed)
    i.DMA1_Channel1_Event                    0x08000584   Section        0  dma_stm32f10x.o(i.DMA1_Channel1_Event)
    i.DMA1_Channel1_IRQHandler               0x08000588   Section        0  dma_stm32f10x.o(i.DMA1_Channel1_IRQHandler)
    i.DMA1_Channel2_Event                    0x080005a4   Section        0  dma_stm32f10x.o(i.DMA1_Channel2_Event)
    i.DMA1_Channel2_IRQHandler               0x080005a8   Section        0  dma_stm32f10x.o(i.DMA1_Channel2_IRQHandler)
    i.DMA1_Channel3_Event                    0x080005c4   Section        0  dma_stm32f10x.o(i.DMA1_Channel3_Event)
    i.DMA1_Channel3_IRQHandler               0x080005c8   Section        0  dma_stm32f10x.o(i.DMA1_Channel3_IRQHandler)
    i.DMA1_Channel4_Event                    0x080005e4   Section        0  dma_stm32f10x.o(i.DMA1_Channel4_Event)
    i.DMA1_Channel4_IRQHandler               0x080005e8   Section        0  dma_stm32f10x.o(i.DMA1_Channel4_IRQHandler)
    i.DMA1_Channel5_Event                    0x08000604   Section        0  dma_stm32f10x.o(i.DMA1_Channel5_Event)
    i.DMA1_Channel5_IRQHandler               0x08000608   Section        0  dma_stm32f10x.o(i.DMA1_Channel5_IRQHandler)
    i.DMA1_Channel6_Event                    0x08000624   Section        0  dma_stm32f10x.o(i.DMA1_Channel6_Event)
    i.DMA1_Channel6_IRQHandler               0x08000628   Section        0  dma_stm32f10x.o(i.DMA1_Channel6_IRQHandler)
    i.DMA1_Channel7_Event                    0x08000644   Section        0  dma_stm32f10x.o(i.DMA1_Channel7_Event)
    i.DMA1_Channel7_IRQHandler               0x08000648   Section        0  dma_stm32f10x.o(i.DMA1_Channel7_IRQHandler)
    i.EXTI15_10_IRQHandler                   0x08000664   Section        0  engine.o(i.EXTI15_10_IRQHandler)
    i.EXTI_ClearITPendingBit                 0x08000688   Section        0  stm32f10x_exti.o(i.EXTI_ClearITPendingBit)
    i.EXTI_GetITStatus                       0x08000694   Section        0  stm32f10x_exti.o(i.EXTI_GetITStatus)
    i.EXTI_Init                              0x080006bc   Section        0  stm32f10x_exti.o(i.EXTI_Init)
    i.EXTI_StructInit                        0x08000750   Section        0  stm32f10x_exti.o(i.EXTI_StructInit)
    i.EngineInit                             0x08000760   Section        0  engine.o(i.EngineInit)
    i.EnginePID                              0x08000810   Section        0  pid.o(i.EnginePID)
    i.GPIO_EXTILineConfig                    0x08000860   Section        0  stm32f10x_gpio.o(i.GPIO_EXTILineConfig)
    i.GPIO_Init                              0x080008a0   Section        0  stm32f10x_gpio.o(i.GPIO_Init)
    i.GPIO_PinRemapConfig                    0x080009b8   Section        0  stm32f10x_gpio.o(i.GPIO_PinRemapConfig)
    i.GPIO_ResetBits                         0x08000a48   Section        0  stm32f10x_gpio.o(i.GPIO_ResetBits)
    i.GPIO_SetBits                           0x08000a4c   Section        0  stm32f10x_gpio.o(i.GPIO_SetBits)
    i.GPIO_setting                           0x08000a50   Section        0  vl53l0x_initialize.o(i.GPIO_setting)
    GPIO_setting                             0x08000a51   Thumb Code    98  vl53l0x_initialize.o(i.GPIO_setting)
    i.GetAngle                               0x08000ac0   Section        0  servo.o(i.GetAngle)
    i.I2C1_setting                           0x08000ad0   Section        0  vl53l0x_initialize.o(i.I2C1_setting)
    I2C1_setting                             0x08000ad1   Thumb Code   102  vl53l0x_initialize.o(i.I2C1_setting)
    i.I2C_AcknowledgeConfig                  0x08000b3c   Section        0  stm32f10x_i2c.o(i.I2C_AcknowledgeConfig)
    i.I2C_CheckEvent                         0x08000b54   Section        0  stm32f10x_i2c.o(i.I2C_CheckEvent)
    i.I2C_Cmd                                0x08000b7e   Section        0  stm32f10x_i2c.o(i.I2C_Cmd)
    i.I2C_DeInit                             0x08000b98   Section        0  stm32f10x_i2c.o(i.I2C_DeInit)
    i.I2C_GenerateSTART                      0x08000bd0   Section        0  stm32f10x_i2c.o(i.I2C_GenerateSTART)
    i.I2C_GenerateSTOP                       0x08000be8   Section        0  stm32f10x_i2c.o(i.I2C_GenerateSTOP)
    i.I2C_GetFlagStatus                      0x08000c00   Section        0  stm32f10x_i2c.o(i.I2C_GetFlagStatus)
    i.I2C_Init                               0x08000c3c   Section        0  stm32f10x_i2c.o(i.I2C_Init)
    i.I2C_ReceiveData                        0x08000d28   Section        0  stm32f10x_i2c.o(i.I2C_ReceiveData)
    i.I2C_Send7bitAddress                    0x08000d30   Section        0  stm32f10x_i2c.o(i.I2C_Send7bitAddress)
    i.I2C_SendData                           0x08000d42   Section        0  stm32f10x_i2c.o(i.I2C_SendData)
    i.InitSharp                              0x08000d48   Section        0  sharp.o(i.InitSharp)
    i.NVIC_Init                              0x08000e1c   Section        0  misc.o(i.NVIC_Init)
    i.NVIC_PriorityGroupConfig               0x08000e8c   Section        0  misc.o(i.NVIC_PriorityGroupConfig)
    i.OptronInit                             0x08000ea0   Section        0  engine.o(i.OptronInit)
    i.ProximitySensors_Init                  0x08000f20   Section        0  proximitysensors.o(i.ProximitySensors_Init)
    i.ProximitySensors_Read                  0x08000fd8   Section        0  proximitysensors.o(i.ProximitySensors_Read)
    i.RCC_ADCCLKConfig                       0x08001020   Section        0  stm32f10x_rcc.o(i.RCC_ADCCLKConfig)
    i.RCC_APB1PeriphClockCmd                 0x08001038   Section        0  stm32f10x_rcc.o(i.RCC_APB1PeriphClockCmd)
    i.RCC_APB1PeriphResetCmd                 0x08001058   Section        0  stm32f10x_rcc.o(i.RCC_APB1PeriphResetCmd)
    i.RCC_APB2PeriphClockCmd                 0x08001078   Section        0  stm32f10x_rcc.o(i.RCC_APB2PeriphClockCmd)
    i.RCC_DeInit                             0x08001098   Section        0  stm32f10x_rcc.o(i.RCC_DeInit)
    i.RCC_GetClocksFreq                      0x080010e4   Section        0  stm32f10x_rcc.o(i.RCC_GetClocksFreq)
    i.RCC_GetFlagStatus                      0x080011b8   Section        0  stm32f10x_rcc.o(i.RCC_GetFlagStatus)
    i.RCC_GetSYSCLKSource                    0x080011f4   Section        0  stm32f10x_rcc.o(i.RCC_GetSYSCLKSource)
    i.RCC_HCLKConfig                         0x08001204   Section        0  stm32f10x_rcc.o(i.RCC_HCLKConfig)
    i.RCC_HSEConfig                          0x0800121c   Section        0  stm32f10x_rcc.o(i.RCC_HSEConfig)
    i.RCC_PCLK1Config                        0x08001268   Section        0  stm32f10x_rcc.o(i.RCC_PCLK1Config)
    i.RCC_PCLK2Config                        0x08001280   Section        0  stm32f10x_rcc.o(i.RCC_PCLK2Config)
    i.RCC_PLLCmd                             0x08001298   Section        0  stm32f10x_rcc.o(i.RCC_PLLCmd)
    i.RCC_PLLConfig                          0x080012a4   Section        0  stm32f10x_rcc.o(i.RCC_PLLConfig)
    i.RCC_SYSCLKConfig                       0x080012c0   Section        0  stm32f10x_rcc.o(i.RCC_SYSCLKConfig)
    i.RCC_WaitForHSEStartUp                  0x080012d8   Section        0  stm32f10x_rcc.o(i.RCC_WaitForHSEStartUp)
    i.RPConnection_Init                      0x08001310   Section        0  rpconnection.o(i.RPConnection_Init)
    i.Read_from_One                          0x080013d0   Section        0  vl53l0x.o(i.Read_from_One)
    i.SPI2_IRQHandler                        0x080013e4   Section        0  rpconnection.o(i.SPI2_IRQHandler)
    i.SPI_Cmd                                0x08001474   Section        0  stm32f10x_spi.o(i.SPI_Cmd)
    i.SPI_I2S_ClearITPendingBit              0x0800148c   Section        0  stm32f10x_spi.o(i.SPI_I2S_ClearITPendingBit)
    i.SPI_I2S_GetFlagStatus                  0x080014a0   Section        0  stm32f10x_spi.o(i.SPI_I2S_GetFlagStatus)
    i.SPI_I2S_GetITStatus                    0x080014b2   Section        0  stm32f10x_spi.o(i.SPI_I2S_GetITStatus)
    i.SPI_I2S_ITConfig                       0x080014e6   Section        0  stm32f10x_spi.o(i.SPI_I2S_ITConfig)
    i.SPI_I2S_ReceiveData                    0x08001506   Section        0  stm32f10x_spi.o(i.SPI_I2S_ReceiveData)
    i.SPI_Init                               0x0800150c   Section        0  stm32f10x_spi.o(i.SPI_Init)
    i.ServoInit                              0x08001548   Section        0  servo.o(i.ServoInit)
    i.SetSysClock                            0x0800160c   Section        0  system_stm32f10x.o(i.SetSysClock)
    SetSysClock                              0x0800160d   Thumb Code     8  system_stm32f10x.o(i.SetSysClock)
    i.SetSysClockTo72                        0x08001614   Section        0  settings.o(i.SetSysClockTo72)
    i.SetSysClockTo72                        0x0800166c   Section        0  system_stm32f10x.o(i.SetSysClockTo72)
    SetSysClockTo72                          0x0800166d   Thumb Code   214  system_stm32f10x.o(i.SetSysClockTo72)
    i.SysTick_CLKSourceConfig                0x0800174c   Section        0  misc.o(i.SysTick_CLKSourceConfig)
    i.SysTick_Handler                        0x08001774   Section        0  settings.o(i.SysTick_Handler)
    i.SysTick_setting                        0x0800178c   Section        0  settings.o(i.SysTick_setting)
    i.SystemInit                             0x080017a8   Section        0  system_stm32f10x.o(i.SystemInit)
    i.TIM2_IRQHandler                        0x08001808   Section        0  main.o(i.TIM2_IRQHandler)
    i.TIMTransmit_IRQ_Init                   0x08001864   Section        0  main.o(i.TIMTransmit_IRQ_Init)
    i.TIM_ClearITPendingBit                  0x080018c6   Section        0  stm32f10x_tim.o(i.TIM_ClearITPendingBit)
    i.TIM_Cmd                                0x080018cc   Section        0  stm32f10x_tim.o(i.TIM_Cmd)
    i.TIM_CtrlPWMOutputs                     0x080018e4   Section        0  stm32f10x_tim.o(i.TIM_CtrlPWMOutputs)
    i.TIM_GetCapture4                        0x08001902   Section        0  stm32f10x_tim.o(i.TIM_GetCapture4)
    i.TIM_GetITStatus                        0x0800190a   Section        0  stm32f10x_tim.o(i.TIM_GetITStatus)
    i.TIM_ITConfig                           0x0800192c   Section        0  stm32f10x_tim.o(i.TIM_ITConfig)
    i.TIM_OC3Init                            0x08001940   Section        0  stm32f10x_tim.o(i.TIM_OC3Init)
    i.TIM_OC3PreloadConfig                   0x080019e0   Section        0  stm32f10x_tim.o(i.TIM_OC3PreloadConfig)
    i.TIM_OC4Init                            0x080019f4   Section        0  stm32f10x_tim.o(i.TIM_OC4Init)
    i.TIM_OC4PreloadConfig                   0x08001a70   Section        0  stm32f10x_tim.o(i.TIM_OC4PreloadConfig)
    i.TIM_OCStructInit                       0x08001a8a   Section        0  stm32f10x_tim.o(i.TIM_OCStructInit)
    i.TIM_SetCompare3                        0x08001a9e   Section        0  stm32f10x_tim.o(i.TIM_SetCompare3)
    i.TIM_SetCompare4                        0x08001aa2   Section        0  stm32f10x_tim.o(i.TIM_SetCompare4)
    i.TIM_TimeBaseInit                       0x08001aa8   Section        0  stm32f10x_tim.o(i.TIM_TimeBaseInit)
    i.TIM_TimeBaseStructInit                 0x08001b4c   Section        0  stm32f10x_tim.o(i.TIM_TimeBaseStructInit)
    i.VL53L0X_Initialize                     0x08001b5e   Section        0  vl53l0x_initialize.o(i.VL53L0X_Initialize)
    i.VL53L0X_decodeTimeout                  0x08001b6a   Section        0  vl53l0x.o(i.VL53L0X_decodeTimeout)
    VL53L0X_decodeTimeout                    0x08001b6b   Thumb Code    14  vl53l0x.o(i.VL53L0X_decodeTimeout)
    i.VL53L0X_encodeTimeout                  0x08001b78   Section        0  vl53l0x.o(i.VL53L0X_encodeTimeout)
    VL53L0X_encodeTimeout                    0x08001b79   Thumb Code    42  vl53l0x.o(i.VL53L0X_encodeTimeout)
    i.VL53L0X_getMeasurementTimingBudget     0x08001ba4   Section        0  vl53l0x.o(i.VL53L0X_getMeasurementTimingBudget)
    i.VL53L0X_getSequenceStepEnables         0x08001c34   Section        0  vl53l0x.o(i.VL53L0X_getSequenceStepEnables)
    i.VL53L0X_getSequenceStepTimeouts        0x08001c5e   Section        0  vl53l0x.o(i.VL53L0X_getSequenceStepTimeouts)
    i.VL53L0X_getSpadInfo                    0x08001cc8   Section        0  vl53l0x.o(i.VL53L0X_getSpadInfo)
    i.VL53L0X_getVcselPulsePeriod            0x08001da0   Section        0  vl53l0x.o(i.VL53L0X_getVcselPulsePeriod)
    i.VL53L0X_init                           0x08001dc8   Section        0  vl53l0x.o(i.VL53L0X_init)
    i.VL53L0X_performSingleRefCalibration    0x08002204   Section        0  vl53l0x.o(i.VL53L0X_performSingleRefCalibration)
    i.VL53L0X_readMulti                      0x08002240   Section        0  vl53l0x.o(i.VL53L0X_readMulti)
    i.VL53L0X_readRangeContinuousMillimeters 0x08002360   Section        0  vl53l0x.o(i.VL53L0X_readRangeContinuousMillimeters)
    i.VL53L0X_readReg                        0x08002390   Section        0  vl53l0x.o(i.VL53L0X_readReg)
    i.VL53L0X_readReg16Bit                   0x080024ac   Section        0  vl53l0x.o(i.VL53L0X_readReg16Bit)
    i.VL53L0X_setAddress                     0x080025d0   Section        0  vl53l0x.o(i.VL53L0X_setAddress)
    i.VL53L0X_setMeasurementTimingBudget     0x080025f0   Section        0  vl53l0x.o(i.VL53L0X_setMeasurementTimingBudget)
    i.VL53L0X_setSignalRateLimit             0x080026cc   Section        0  vl53l0x.o(i.VL53L0X_setSignalRateLimit)
    i.VL53L0X_startContinuous                0x08002718   Section        0  vl53l0x.o(i.VL53L0X_startContinuous)
    i.VL53L0X_timeoutMclksToMicroseconds     0x08002784   Section        0  vl53l0x.o(i.VL53L0X_timeoutMclksToMicroseconds)
    VL53L0X_timeoutMclksToMicroseconds       0x08002785   Thumb Code    42  vl53l0x.o(i.VL53L0X_timeoutMclksToMicroseconds)
    i.VL53L0X_timeoutMicrosecondsToMclks     0x080027ae   Section        0  vl53l0x.o(i.VL53L0X_timeoutMicrosecondsToMclks)
    VL53L0X_timeoutMicrosecondsToMclks       0x080027af   Thumb Code    42  vl53l0x.o(i.VL53L0X_timeoutMicrosecondsToMclks)
    i.VL53L0X_writeMulti                     0x080027d8   Section        0  vl53l0x.o(i.VL53L0X_writeMulti)
    i.VL53L0X_writeReg                       0x0800288c   Section        0  vl53l0x.o(i.VL53L0X_writeReg)
    i.VL53L0X_writeReg16Bit                  0x08002920   Section        0  vl53l0x.o(i.VL53L0X_writeReg16Bit)
    i.VL53L0X_writeReg32Bit                  0x080029d4   Section        0  vl53l0x.o(i.VL53L0X_writeReg32Bit)
    i.__NVIC_SetPriority                     0x08002a88   Section        0  settings.o(i.__NVIC_SetPriority)
    __NVIC_SetPriority                       0x08002a89   Thumb Code    32  settings.o(i.__NVIC_SetPriority)
    i.delay_ms                               0x08002ab0   Section        0  settings.o(i.delay_ms)
    i.getNeededAngle                         0x08002b14   Section        0  rpconnection.o(i.getNeededAngle)
    i.getNeededSpeed                         0x08002b20   Section        0  rpconnection.o(i.getNeededSpeed)
    i.inform_error                           0x08002b2c   Section        0  settings.o(i.inform_error)
    i.main                                   0x08002b2e   Section        0  main.o(i.main)
    i.pid                                    0x08002b52   Section        0  pid.o(i.pid)
    pid                                      0x08002b53   Thumb Code   176  pid.o(i.pid)
    i.readSharp                              0x08002c04   Section        0  sharp.o(i.readSharp)
    i.voltToDistance                         0x08002d4c   Section        0  sharp.o(i.voltToDistance)
    voltToDistance                           0x08002d4d   Thumb Code   552  sharp.o(i.voltToDistance)
    x$fpl$d2f                                0x08002fb8   Section       98  d2f.o(x$fpl$d2f)
    x$fpl$dadd                               0x0800301c   Section      336  daddsub_clz.o(x$fpl$dadd)
    _dadd1                                   0x0800302d   Thumb Code     0  daddsub_clz.o(x$fpl$dadd)
    x$fpl$dcmpinf                            0x0800316c   Section       24  dcmpi.o(x$fpl$dcmpinf)
    x$fpl$ddiv                               0x08003184   Section      688  ddiv.o(x$fpl$ddiv)
    ddiv_entry                               0x0800318b   Thumb Code     0  ddiv.o(x$fpl$ddiv)
    x$fpl$dfixu                              0x08003434   Section       90  dfixu.o(x$fpl$dfixu)
    x$fpl$dflt                               0x0800348e   Section       46  dflt_clz.o(x$fpl$dflt)
    x$fpl$dfltu                              0x080034bc   Section       38  dflt_clz.o(x$fpl$dfltu)
    x$fpl$dleqf                              0x080034e4   Section      120  dleqf.o(x$fpl$dleqf)
    x$fpl$dmul                               0x0800355c   Section      340  dmul.o(x$fpl$dmul)
    x$fpl$dnaninf                            0x080036b0   Section      156  dnaninf.o(x$fpl$dnaninf)
    x$fpl$dretinf                            0x0800374c   Section       12  dretinf.o(x$fpl$dretinf)
    x$fpl$drleqf                             0x08003758   Section      108  drleqf.o(x$fpl$drleqf)
    x$fpl$drsb                               0x080037c4   Section       22  daddsub_clz.o(x$fpl$drsb)
    x$fpl$dsub                               0x080037dc   Section      468  daddsub_clz.o(x$fpl$dsub)
    _dsub1                                   0x080037ed   Thumb Code     0  daddsub_clz.o(x$fpl$dsub)
    x$fpl$f2d                                0x080039b0   Section       86  f2d.o(x$fpl$f2d)
    x$fpl$fadd                               0x08003a08   Section      196  faddsub_clz.o(x$fpl$fadd)
    _fadd1                                   0x08003a17   Thumb Code     0  faddsub_clz.o(x$fpl$fadd)
    x$fpl$fcmpinf                            0x08003acc   Section       24  fcmpi.o(x$fpl$fcmpinf)
    x$fpl$fdiv                               0x08003ae4   Section      388  fdiv.o(x$fpl$fdiv)
    _fdiv1                                   0x08003ae5   Thumb Code     0  fdiv.o(x$fpl$fdiv)
    x$fpl$ffixu                              0x08003c68   Section       62  ffixu.o(x$fpl$ffixu)
    x$fpl$fleqf                              0x08003ca8   Section      104  fleqf.o(x$fpl$fleqf)
    x$fpl$fmul                               0x08003d10   Section      258  fmul.o(x$fpl$fmul)
    x$fpl$fnaninf                            0x08003e12   Section      140  fnaninf.o(x$fpl$fnaninf)
    x$fpl$fretinf                            0x08003e9e   Section       10  fretinf.o(x$fpl$fretinf)
    x$fpl$frleqf                             0x08003ea8   Section       98  frleqf.o(x$fpl$frleqf)
    x$fpl$fsub                               0x08003f0c   Section      234  faddsub_clz.o(x$fpl$fsub)
    _fsub1                                   0x08003f1b   Thumb Code     0  faddsub_clz.o(x$fpl$fsub)
    x$fpl$usenofp                            0x08003ff6   Section        0  usenofp.o(x$fpl$usenofp)
    .data                                    0x20000000   Section        4  settings.o(.data)
    delay_ms_count                           0x20000000   Data           4  settings.o(.data)
    .data                                    0x20000004   Section        1  main.o(.data)
    .data                                    0x20000006   Section        4  engine.o(.data)
    speedNow                                 0x20000006   Data           1  engine.o(.data)
    Speed                                    0x20000008   Data           2  engine.o(.data)
    .data                                    0x2000000a   Section        5  proximitysensors.o(.data)
    proximitySensors                         0x2000000a   Data           5  proximitysensors.o(.data)
    .data                                    0x2000000f   Section        1  sharp.o(.data)
    times                                    0x2000000f   Data           1  sharp.o(.data)
    .data                                    0x20000010   Section       32  pid.o(.data)
    Servo_previousI                          0x20000010   Data           8  pid.o(.data)
    Servo_previousError                      0x20000018   Data           8  pid.o(.data)
    Engine_previousI                         0x20000020   Data           8  pid.o(.data)
    Engine_previousError                     0x20000028   Data           8  pid.o(.data)
    .data                                    0x20000030   Section        4  rpconnection.o(.data)
    next                                     0x20000030   Data           1  rpconnection.o(.data)
    data                                     0x20000031   Data           1  rpconnection.o(.data)
    angle                                    0x20000032   Data           1  rpconnection.o(.data)
    speed                                    0x20000033   Data           1  rpconnection.o(.data)
    .data                                    0x20000034   Section       20  stm32f10x_rcc.o(.data)
    APBAHBPrescTable                         0x20000034   Data          16  stm32f10x_rcc.o(.data)
    ADCPrescTable                            0x20000044   Data           4  stm32f10x_rcc.o(.data)
    .data                                    0x20000048   Section       20  system_stm32f10x.o(.data)
    .bss                                     0x2000005c   Section       60  sharp.o(.bss)
    sharps                                   0x2000005c   Data          60  sharp.o(.bss)
    .bss                                     0x20000098   Section       20  vl53l0x.o(.bss)
    .bss                                     0x200000ac   Section       96  libspace.o(.bss)
    HEAP                                     0x20000110   Section      512  startup_stm32f10x_md.o(HEAP)
    Heap_Mem                                 0x20000110   Data         512  startup_stm32f10x_md.o(HEAP)
    STACK                                    0x20000310   Section     1024  startup_stm32f10x_md.o(STACK)
    Stack_Mem                                0x20000310   Data        1024  startup_stm32f10x_md.o(STACK)
    __initial_sp                             0x20000710   Data           0  startup_stm32f10x_md.o(STACK)

    Global Symbols

    Symbol Name                              Value     Ov Type        Size  Object(Section)

    BuildAttributes$$THM_ISAv4$P$D$K$B$S$PE$A:L22UL41UL21$X:L11$S22US41US21$IEEE1$IW$USESV6$~STKCKD$USESV7$~SHL$OTIME$ROPI$IEEEJ$EBA8$UX$STANDARDLIB$REQ8$PRES8$EABIv2 0x00000000   Number         0  anon$$obj.o ABSOLUTE
    __ARM_use_no_argv                        0x00000000   Number         0  main.o ABSOLUTE
    _printf_flags                            0x00000000   Number         0  printf_stubs.o ABSOLUTE
    _printf_return_value                     0x00000000   Number         0  printf_stubs.o ABSOLUTE
    _printf_sizespec                         0x00000000   Number         0  printf_stubs.o ABSOLUTE
    _printf_widthprec                        0x00000000   Number         0  printf_stubs.o ABSOLUTE
    __ARM_exceptions_init                     - Undefined Weak Reference
    __alloca_initialize                       - Undefined Weak Reference
    __arm_preinit_                            - Undefined Weak Reference
    __cpp_initialize__aeabi_                  - Undefined Weak Reference
    __cxa_finalize                            - Undefined Weak Reference
    __sigvec_lookup                           - Undefined Weak Reference
    _atexit_init                              - Undefined Weak Reference
    _call_atexit_fns                          - Undefined Weak Reference
    _clock_init                               - Undefined Weak Reference
    _fp_trap_init                             - Undefined Weak Reference
    _fp_trap_shutdown                         - Undefined Weak Reference
    _get_lc_collate                           - Undefined Weak Reference
    _get_lc_ctype                             - Undefined Weak Reference
    _get_lc_monetary                          - Undefined Weak Reference
    _get_lc_time                              - Undefined Weak Reference
    _getenv_init                              - Undefined Weak Reference
    _handle_redirection                       - Undefined Weak Reference
    _init_alloc                               - Undefined Weak Reference
    _init_user_alloc                          - Undefined Weak Reference
    _initio                                   - Undefined Weak Reference
    _printf_post_padding                      - Undefined Weak Reference
    _printf_pre_padding                       - Undefined Weak Reference
    _printf_truncate_signed                   - Undefined Weak Reference
    _printf_truncate_unsigned                 - Undefined Weak Reference
    _rand_init                                - Undefined Weak Reference
    _signal_finish                            - Undefined Weak Reference
    _signal_init                              - Undefined Weak Reference
    _terminate_alloc                          - Undefined Weak Reference
    _terminate_user_alloc                     - Undefined Weak Reference
    _terminateio                              - Undefined Weak Reference
    __Vectors_Size                           0x000000ec   Number         0  startup_stm32f10x_md.o ABSOLUTE
    __Vectors                                0x08000000   Data           4  startup_stm32f10x_md.o(RESET)
    __Vectors_End                            0x080000ec   Data           0  startup_stm32f10x_md.o(RESET)
    __main                                   0x080000ed   Thumb Code     8  __main.o(!!!main)
    __scatterload                            0x080000f5   Thumb Code     0  __scatter.o(!!!scatter)
    __scatterload_rt2                        0x080000f5   Thumb Code    44  __scatter.o(!!!scatter)
    __scatterload_rt2_thumb_only             0x080000f5   Thumb Code     0  __scatter.o(!!!scatter)
    __scatterload_null                       0x08000103   Thumb Code     0  __scatter.o(!!!scatter)
    __scatterload_copy                       0x08000129   Thumb Code    26  __scatter_copy.o(!!handler_copy)
    __scatterload_zeroinit                   0x08000145   Thumb Code    28  __scatter_zi.o(!!handler_zi)
    __rt_lib_init                            0x08000161   Thumb Code     0  libinit.o(.ARM.Collect$$libinit$$00000000)
    __rt_lib_init_alloca_1                   0x08000163   Thumb Code     0  libinit2.o(.ARM.Collect$$libinit$$0000002E)
    __rt_lib_init_argv_1                     0x08000163   Thumb Code     0  libinit2.o(.ARM.Collect$$libinit$$0000002C)
    __rt_lib_init_atexit_1                   0x08000163   Thumb Code     0  libinit2.o(.ARM.Collect$$libinit$$0000001B)
    __rt_lib_init_clock_1                    0x08000163   Thumb Code     0  libinit2.o(.ARM.Collect$$libinit$$00000021)
    __rt_lib_init_cpp_1                      0x08000163   Thumb Code     0  libinit2.o(.ARM.Collect$$libinit$$00000032)
    __rt_lib_init_exceptions_1               0x08000163   Thumb Code     0  libinit2.o(.ARM.Collect$$libinit$$00000030)
    __rt_lib_init_fp_1                       0x08000163   Thumb Code     0  libinit2.o(.ARM.Collect$$libinit$$00000002)
    __rt_lib_init_fp_trap_1                  0x08000163   Thumb Code     0  libinit2.o(.ARM.Collect$$libinit$$0000001F)
    __rt_lib_init_getenv_1                   0x08000163   Thumb Code     0  libinit2.o(.ARM.Collect$$libinit$$00000023)
    __rt_lib_init_heap_1                     0x08000163   Thumb Code     0  libinit2.o(.ARM.Collect$$libinit$$0000000A)
    __rt_lib_init_lc_collate_1               0x08000163   Thumb Code     0  libinit2.o(.ARM.Collect$$libinit$$00000011)
    __rt_lib_init_lc_ctype_1                 0x08000163   Thumb Code     0  libinit2.o(.ARM.Collect$$libinit$$00000013)
    __rt_lib_init_lc_monetary_1              0x08000163   Thumb Code     0  libinit2.o(.ARM.Collect$$libinit$$00000015)
    __rt_lib_init_lc_numeric_1               0x08000163   Thumb Code     0  libinit2.o(.ARM.Collect$$libinit$$00000017)
    __rt_lib_init_lc_time_1                  0x08000163   Thumb Code     0  libinit2.o(.ARM.Collect$$libinit$$00000019)
    __rt_lib_init_preinit_1                  0x08000163   Thumb Code     0  libinit2.o(.ARM.Collect$$libinit$$00000004)
    __rt_lib_init_rand_1                     0x08000163   Thumb Code     0  libinit2.o(.ARM.Collect$$libinit$$0000000E)
    __rt_lib_init_return                     0x08000163   Thumb Code     0  libinit2.o(.ARM.Collect$$libinit$$00000033)
    __rt_lib_init_signal_1                   0x08000163   Thumb Code     0  libinit2.o(.ARM.Collect$$libinit$$0000001D)
    __rt_lib_init_stdio_1                    0x08000163   Thumb Code     0  libinit2.o(.ARM.Collect$$libinit$$00000025)
    __rt_lib_init_user_alloc_1               0x08000163   Thumb Code     0  libinit2.o(.ARM.Collect$$libinit$$0000000C)
    __rt_lib_shutdown                        0x08000165   Thumb Code     0  libshutdown.o(.ARM.Collect$$libshutdown$$00000000)
    __rt_lib_shutdown_cpp_1                  0x08000167   Thumb Code     0  libshutdown2.o(.ARM.Collect$$libshutdown$$00000002)
    __rt_lib_shutdown_fp_trap_1              0x08000167   Thumb Code     0  libshutdown2.o(.ARM.Collect$$libshutdown$$00000007)
    __rt_lib_shutdown_heap_1                 0x08000167   Thumb Code     0  libshutdown2.o(.ARM.Collect$$libshutdown$$0000000F)
    __rt_lib_shutdown_return                 0x08000167   Thumb Code     0  libshutdown2.o(.ARM.Collect$$libshutdown$$00000010)
    __rt_lib_shutdown_signal_1               0x08000167   Thumb Code     0  libshutdown2.o(.ARM.Collect$$libshutdown$$0000000A)
    __rt_lib_shutdown_stdio_1                0x08000167   Thumb Code     0  libshutdown2.o(.ARM.Collect$$libshutdown$$00000004)
    __rt_lib_shutdown_user_alloc_1           0x08000167   Thumb Code     0  libshutdown2.o(.ARM.Collect$$libshutdown$$0000000C)
    __rt_entry                               0x08000169   Thumb Code     0  __rtentry.o(.ARM.Collect$$rtentry$$00000000)
    __rt_entry_presh_1                       0x08000169   Thumb Code     0  __rtentry2.o(.ARM.Collect$$rtentry$$00000002)
    __rt_entry_sh                            0x08000169   Thumb Code     0  __rtentry4.o(.ARM.Collect$$rtentry$$00000004)
    __rt_entry_li                            0x0800016f   Thumb Code     0  __rtentry2.o(.ARM.Collect$$rtentry$$0000000A)
    __rt_entry_postsh_1                      0x0800016f   Thumb Code     0  __rtentry2.o(.ARM.Collect$$rtentry$$00000009)
    __rt_entry_main                          0x08000173   Thumb Code     0  __rtentry2.o(.ARM.Collect$$rtentry$$0000000D)
    __rt_entry_postli_1                      0x08000173   Thumb Code     0  __rtentry2.o(.ARM.Collect$$rtentry$$0000000C)
    __rt_exit                                0x0800017b   Thumb Code     0  rtexit.o(.ARM.Collect$$rtexit$$00000000)
    __rt_exit_ls                             0x0800017d   Thumb Code     0  rtexit2.o(.ARM.Collect$$rtexit$$00000003)
    __rt_exit_prels_1                        0x0800017d   Thumb Code     0  rtexit2.o(.ARM.Collect$$rtexit$$00000002)
    __rt_exit_exit                           0x08000181   Thumb Code     0  rtexit2.o(.ARM.Collect$$rtexit$$00000004)
    Reset_Handler                            0x08000189   Thumb Code     8  startup_stm32f10x_md.o(.text)
    NMI_Handler                              0x08000191   Thumb Code     2  startup_stm32f10x_md.o(.text)
    HardFault_Handler                        0x08000193   Thumb Code     2  startup_stm32f10x_md.o(.text)
    MemManage_Handler                        0x08000195   Thumb Code     2  startup_stm32f10x_md.o(.text)
    BusFault_Handler                         0x08000197   Thumb Code     2  startup_stm32f10x_md.o(.text)
    UsageFault_Handler                       0x08000199   Thumb Code     2  startup_stm32f10x_md.o(.text)
    SVC_Handler                              0x0800019b   Thumb Code     2  startup_stm32f10x_md.o(.text)
    DebugMon_Handler                         0x0800019d   Thumb Code     2  startup_stm32f10x_md.o(.text)
    PendSV_Handler                           0x0800019f   Thumb Code     2  startup_stm32f10x_md.o(.text)
    ADC1_2_IRQHandler                        0x080001a3   Thumb Code     0  startup_stm32f10x_md.o(.text)
    CAN1_RX1_IRQHandler                      0x080001a3   Thumb Code     0  startup_stm32f10x_md.o(.text)
    CAN1_SCE_IRQHandler                      0x080001a3   Thumb Code     0  startup_stm32f10x_md.o(.text)
    EXTI0_IRQHandler                         0x080001a3   Thumb Code     0  startup_stm32f10x_md.o(.text)
    EXTI1_IRQHandler                         0x080001a3   Thumb Code     0  startup_stm32f10x_md.o(.text)
    EXTI2_IRQHandler                         0x080001a3   Thumb Code     0  startup_stm32f10x_md.o(.text)
    EXTI3_IRQHandler                         0x080001a3   Thumb Code     0  startup_stm32f10x_md.o(.text)
    EXTI4_IRQHandler                         0x080001a3   Thumb Code     0  startup_stm32f10x_md.o(.text)
    EXTI9_5_IRQHandler                       0x080001a3   Thumb Code     0  startup_stm32f10x_md.o(.text)
    FLASH_IRQHandler                         0x080001a3   Thumb Code     0  startup_stm32f10x_md.o(.text)
    I2C1_ER_IRQHandler                       0x080001a3   Thumb Code     0  startup_stm32f10x_md.o(.text)
    I2C1_EV_IRQHandler                       0x080001a3   Thumb Code     0  startup_stm32f10x_md.o(.text)
    I2C2_ER_IRQHandler                       0x080001a3   Thumb Code     0  startup_stm32f10x_md.o(.text)
    I2C2_EV_IRQHandler                       0x080001a3   Thumb Code     0  startup_stm32f10x_md.o(.text)
    PVD_IRQHandler                           0x080001a3   Thumb Code     0  startup_stm32f10x_md.o(.text)
    RCC_IRQHandler                           0x080001a3   Thumb Code     0  startup_stm32f10x_md.o(.text)
    RTCAlarm_IRQHandler                      0x080001a3   Thumb Code     0  startup_stm32f10x_md.o(.text)
    RTC_IRQHandler                           0x080001a3   Thumb Code     0  startup_stm32f10x_md.o(.text)
    SPI1_IRQHandler                          0x080001a3   Thumb Code     0  startup_stm32f10x_md.o(.text)
    TAMPER_IRQHandler                        0x080001a3   Thumb Code     0  startup_stm32f10x_md.o(.text)
    TIM1_BRK_IRQHandler                      0x080001a3   Thumb Code     0  startup_stm32f10x_md.o(.text)
    TIM1_CC_IRQHandler                       0x080001a3   Thumb Code     0  startup_stm32f10x_md.o(.text)
    TIM1_TRG_COM_IRQHandler                  0x080001a3   Thumb Code     0  startup_stm32f10x_md.o(.text)
    TIM1_UP_IRQHandler                       0x080001a3   Thumb Code     0  startup_stm32f10x_md.o(.text)
    TIM3_IRQHandler                          0x080001a3   Thumb Code     0  startup_stm32f10x_md.o(.text)
    TIM4_IRQHandler                          0x080001a3   Thumb Code     0  startup_stm32f10x_md.o(.text)
    USART1_IRQHandler                        0x080001a3   Thumb Code     0  startup_stm32f10x_md.o(.text)
    USART2_IRQHandler                        0x080001a3   Thumb Code     0  startup_stm32f10x_md.o(.text)
    USART3_IRQHandler                        0x080001a3   Thumb Code     0  startup_stm32f10x_md.o(.text)
    USBWakeUp_IRQHandler                     0x080001a3   Thumb Code     0  startup_stm32f10x_md.o(.text)
    USB_HP_CAN1_TX_IRQHandler                0x080001a3   Thumb Code     0  startup_stm32f10x_md.o(.text)
    USB_LP_CAN1_RX0_IRQHandler               0x080001a3   Thumb Code     0  startup_stm32f10x_md.o(.text)
    WWDG_IRQHandler                          0x080001a3   Thumb Code     0  startup_stm32f10x_md.o(.text)
    __user_initial_stackheap                 0x080001a5   Thumb Code     0  startup_stm32f10x_md.o(.text)
    __use_two_region_memory                  0x080001c9   Thumb Code     2  heapauxi.o(.text)
    __rt_heap_escrow$2region                 0x080001cb   Thumb Code     2  heapauxi.o(.text)
    __rt_heap_expand$2region                 0x080001cd   Thumb Code     2  heapauxi.o(.text)
    __user_libspace                          0x080001d1   Thumb Code     8  libspace.o(.text)
    __user_perproc_libspace                  0x080001d1   Thumb Code     0  libspace.o(.text)
    __user_perthread_libspace                0x080001d1   Thumb Code     0  libspace.o(.text)
    __user_setup_stackheap                   0x080001d9   Thumb Code    74  sys_stackheap_outer.o(.text)
    exit                                     0x08000223   Thumb Code    18  exit.o(.text)
    _sys_exit                                0x08000235   Thumb Code     8  sys_exit.o(.text)
    __I$use$semihosting                      0x08000241   Thumb Code     0  use_no_semi.o(.text)
    __use_no_semihosting_swi                 0x08000241   Thumb Code     2  use_no_semi.o(.text)
    ADC_AutoInjectedConvCmd                  0x08000243   Thumb Code    22  stm32f10x_adc.o(i.ADC_AutoInjectedConvCmd)
    __semihosting_library_function           0x08000243   Thumb Code     0  indicate_semi.o(.text)
    ADC_Cmd                                  0x08000259   Thumb Code    22  stm32f10x_adc.o(i.ADC_Cmd)
    ADC_ExternalTrigInjectedConvConfig       0x0800026f   Thumb Code    16  stm32f10x_adc.o(i.ADC_ExternalTrigInjectedConvConfig)
    ADC_GetCalibrationStatus                 0x0800027f   Thumb Code    20  stm32f10x_adc.o(i.ADC_GetCalibrationStatus)
    ADC_GetInjectedConversionValue           0x08000293   Thumb Code    28  stm32f10x_adc.o(i.ADC_GetInjectedConversionValue)
    ADC_GetResetCalibrationStatus            0x080002af   Thumb Code    20  stm32f10x_adc.o(i.ADC_GetResetCalibrationStatus)
    ADC_Init                                 0x080002c5   Thumb Code    70  stm32f10x_adc.o(i.ADC_Init)
    ADC_InjectedChannelConfig                0x08000315   Thumb Code   130  stm32f10x_adc.o(i.ADC_InjectedChannelConfig)
    ADC_InjectedSequencerLengthConfig        0x08000397   Thumb Code    24  stm32f10x_adc.o(i.ADC_InjectedSequencerLengthConfig)
    ADC_ResetCalibration                     0x080003af   Thumb Code    10  stm32f10x_adc.o(i.ADC_ResetCalibration)
    ADC_SoftwareStartInjectedConvCmd         0x080003b9   Thumb Code    22  stm32f10x_adc.o(i.ADC_SoftwareStartInjectedConvCmd)
    ADC_StartCalibration                     0x080003cf   Thumb Code    10  stm32f10x_adc.o(i.ADC_StartCalibration)
    ChangeAngle                              0x080003e5   Thumb Code    22  servo.o(i.ChangeAngle)
    ChangeSpeed                              0x08000401   Thumb Code   346  engine.o(i.ChangeSpeed)
    DMA1_Channel1_Event                      0x08000585   Thumb Code     2  dma_stm32f10x.o(i.DMA1_Channel1_Event)
    DMA1_Channel1_IRQHandler                 0x08000589   Thumb Code    22  dma_stm32f10x.o(i.DMA1_Channel1_IRQHandler)
    DMA1_Channel2_Event                      0x080005a5   Thumb Code     2  dma_stm32f10x.o(i.DMA1_Channel2_Event)
    DMA1_Channel2_IRQHandler                 0x080005a9   Thumb Code    24  dma_stm32f10x.o(i.DMA1_Channel2_IRQHandler)
    DMA1_Channel3_Event                      0x080005c5   Thumb Code     2  dma_stm32f10x.o(i.DMA1_Channel3_Event)
    DMA1_Channel3_IRQHandler                 0x080005c9   Thumb Code    24  dma_stm32f10x.o(i.DMA1_Channel3_IRQHandler)
    DMA1_Channel4_Event                      0x080005e5   Thumb Code     2  dma_stm32f10x.o(i.DMA1_Channel4_Event)
    DMA1_Channel4_IRQHandler                 0x080005e9   Thumb Code    24  dma_stm32f10x.o(i.DMA1_Channel4_IRQHandler)
    DMA1_Channel5_Event                      0x08000605   Thumb Code     2  dma_stm32f10x.o(i.DMA1_Channel5_Event)
    DMA1_Channel5_IRQHandler                 0x08000609   Thumb Code    24  dma_stm32f10x.o(i.DMA1_Channel5_IRQHandler)
    DMA1_Channel6_Event                      0x08000625   Thumb Code     2  dma_stm32f10x.o(i.DMA1_Channel6_Event)
    DMA1_Channel6_IRQHandler                 0x08000629   Thumb Code    24  dma_stm32f10x.o(i.DMA1_Channel6_IRQHandler)
    DMA1_Channel7_Event                      0x08000645   Thumb Code     2  dma_stm32f10x.o(i.DMA1_Channel7_Event)
    DMA1_Channel7_IRQHandler                 0x08000649   Thumb Code    24  dma_stm32f10x.o(i.DMA1_Channel7_IRQHandler)
    EXTI15_10_IRQHandler                     0x08000665   Thumb Code    32  engine.o(i.EXTI15_10_IRQHandler)
    EXTI_ClearITPendingBit                   0x08000689   Thumb Code     6  stm32f10x_exti.o(i.EXTI_ClearITPendingBit)
    EXTI_GetITStatus                         0x08000695   Thumb Code    34  stm32f10x_exti.o(i.EXTI_GetITStatus)
    EXTI_Init                                0x080006bd   Thumb Code   142  stm32f10x_exti.o(i.EXTI_Init)
    EXTI_StructInit                          0x08000751   Thumb Code    16  stm32f10x_exti.o(i.EXTI_StructInit)
    EngineInit                               0x08000761   Thumb Code   166  engine.o(i.EngineInit)
    EnginePID                                0x08000811   Thumb Code    70  pid.o(i.EnginePID)
    GPIO_EXTILineConfig                      0x08000861   Thumb Code    60  stm32f10x_gpio.o(i.GPIO_EXTILineConfig)
    GPIO_Init                                0x080008a1   Thumb Code   278  stm32f10x_gpio.o(i.GPIO_Init)
    GPIO_PinRemapConfig                      0x080009b9   Thumb Code   138  stm32f10x_gpio.o(i.GPIO_PinRemapConfig)
    GPIO_ResetBits                           0x08000a49   Thumb Code     4  stm32f10x_gpio.o(i.GPIO_ResetBits)
    GPIO_SetBits                             0x08000a4d   Thumb Code     4  stm32f10x_gpio.o(i.GPIO_SetBits)
    GetAngle                                 0x08000ac1   Thumb Code    12  servo.o(i.GetAngle)
    I2C_AcknowledgeConfig                    0x08000b3d   Thumb Code    24  stm32f10x_i2c.o(i.I2C_AcknowledgeConfig)
    I2C_CheckEvent                           0x08000b55   Thumb Code    42  stm32f10x_i2c.o(i.I2C_CheckEvent)
    I2C_Cmd                                  0x08000b7f   Thumb Code    24  stm32f10x_i2c.o(i.I2C_Cmd)
    I2C_DeInit                               0x08000b99   Thumb Code    50  stm32f10x_i2c.o(i.I2C_DeInit)
    I2C_GenerateSTART                        0x08000bd1   Thumb Code    24  stm32f10x_i2c.o(i.I2C_GenerateSTART)
    I2C_GenerateSTOP                         0x08000be9   Thumb Code    24  stm32f10x_i2c.o(i.I2C_GenerateSTOP)
    I2C_GetFlagStatus                        0x08000c01   Thumb Code    58  stm32f10x_i2c.o(i.I2C_GetFlagStatus)
    I2C_Init                                 0x08000c3d   Thumb Code   222  stm32f10x_i2c.o(i.I2C_Init)
    I2C_ReceiveData                          0x08000d29   Thumb Code     8  stm32f10x_i2c.o(i.I2C_ReceiveData)
    I2C_Send7bitAddress                      0x08000d31   Thumb Code    18  stm32f10x_i2c.o(i.I2C_Send7bitAddress)
    I2C_SendData                             0x08000d43   Thumb Code     4  stm32f10x_i2c.o(i.I2C_SendData)
    InitSharp                                0x08000d49   Thumb Code   204  sharp.o(i.InitSharp)
    NVIC_Init                                0x08000e1d   Thumb Code   100  misc.o(i.NVIC_Init)
    NVIC_PriorityGroupConfig                 0x08000e8d   Thumb Code    10  misc.o(i.NVIC_PriorityGroupConfig)
    OptronInit                               0x08000ea1   Thumb Code   122  engine.o(i.OptronInit)
    ProximitySensors_Init                    0x08000f21   Thumb Code   176  proximitysensors.o(i.ProximitySensors_Init)
    ProximitySensors_Read                    0x08000fd9   Thumb Code    66  proximitysensors.o(i.ProximitySensors_Read)
    RCC_ADCCLKConfig                         0x08001021   Thumb Code    18  stm32f10x_rcc.o(i.RCC_ADCCLKConfig)
    RCC_APB1PeriphClockCmd                   0x08001039   Thumb Code    26  stm32f10x_rcc.o(i.RCC_APB1PeriphClockCmd)
    RCC_APB1PeriphResetCmd                   0x08001059   Thumb Code    26  stm32f10x_rcc.o(i.RCC_APB1PeriphResetCmd)
    RCC_APB2PeriphClockCmd                   0x08001079   Thumb Code    26  stm32f10x_rcc.o(i.RCC_APB2PeriphClockCmd)
    RCC_DeInit                               0x08001099   Thumb Code    64  stm32f10x_rcc.o(i.RCC_DeInit)
    RCC_GetClocksFreq                        0x080010e5   Thumb Code   192  stm32f10x_rcc.o(i.RCC_GetClocksFreq)
    RCC_GetFlagStatus                        0x080011b9   Thumb Code    56  stm32f10x_rcc.o(i.RCC_GetFlagStatus)
    RCC_GetSYSCLKSource                      0x080011f5   Thumb Code    10  stm32f10x_rcc.o(i.RCC_GetSYSCLKSource)
    RCC_HCLKConfig                           0x08001205   Thumb Code    18  stm32f10x_rcc.o(i.RCC_HCLKConfig)
    RCC_HSEConfig                            0x0800121d   Thumb Code    70  stm32f10x_rcc.o(i.RCC_HSEConfig)
    RCC_PCLK1Config                          0x08001269   Thumb Code    18  stm32f10x_rcc.o(i.RCC_PCLK1Config)
    RCC_PCLK2Config                          0x08001281   Thumb Code    20  stm32f10x_rcc.o(i.RCC_PCLK2Config)
    RCC_PLLCmd                               0x08001299   Thumb Code     6  stm32f10x_rcc.o(i.RCC_PLLCmd)
    RCC_PLLConfig                            0x080012a5   Thumb Code    24  stm32f10x_rcc.o(i.RCC_PLLConfig)
    RCC_SYSCLKConfig                         0x080012c1   Thumb Code    18  stm32f10x_rcc.o(i.RCC_SYSCLKConfig)
    RCC_WaitForHSEStartUp                    0x080012d9   Thumb Code    56  stm32f10x_rcc.o(i.RCC_WaitForHSEStartUp)
    RPConnection_Init                        0x08001311   Thumb Code   182  rpconnection.o(i.RPConnection_Init)
    Read_from_One                            0x080013d1   Thumb Code    14  vl53l0x.o(i.Read_from_One)
    SPI2_IRQHandler                          0x080013e5   Thumb Code   118  rpconnection.o(i.SPI2_IRQHandler)
    SPI_Cmd                                  0x08001475   Thumb Code    24  stm32f10x_spi.o(i.SPI_Cmd)
    SPI_I2S_ClearITPendingBit                0x0800148d   Thumb Code    20  stm32f10x_spi.o(i.SPI_I2S_ClearITPendingBit)
    SPI_I2S_GetFlagStatus                    0x080014a1   Thumb Code    18  stm32f10x_spi.o(i.SPI_I2S_GetFlagStatus)
    SPI_I2S_GetITStatus                      0x080014b3   Thumb Code    52  stm32f10x_spi.o(i.SPI_I2S_GetITStatus)
    SPI_I2S_ITConfig                         0x080014e7   Thumb Code    32  stm32f10x_spi.o(i.SPI_I2S_ITConfig)
    SPI_I2S_ReceiveData                      0x08001507   Thumb Code     6  stm32f10x_spi.o(i.SPI_I2S_ReceiveData)
    SPI_Init                                 0x0800150d   Thumb Code    60  stm32f10x_spi.o(i.SPI_Init)
    ServoInit                                0x08001549   Thumb Code   188  servo.o(i.ServoInit)
    SetSysClockTo72                          0x08001615   Thumb Code    88  settings.o(i.SetSysClockTo72)
    SysTick_CLKSourceConfig                  0x0800174d   Thumb Code    40  misc.o(i.SysTick_CLKSourceConfig)
    SysTick_Handler                          0x08001775   Thumb Code    18  settings.o(i.SysTick_Handler)
    SysTick_setting                          0x0800178d   Thumb Code    26  settings.o(i.SysTick_setting)
    SystemInit                               0x080017a9   Thumb Code    78  system_stm32f10x.o(i.SystemInit)
    TIM2_IRQHandler                          0x08001809   Thumb Code    86  main.o(i.TIM2_IRQHandler)
    TIMTransmit_IRQ_Init                     0x08001865   Thumb Code    98  main.o(i.TIMTransmit_IRQ_Init)
    TIM_ClearITPendingBit                    0x080018c7   Thumb Code     6  stm32f10x_tim.o(i.TIM_ClearITPendingBit)
    TIM_Cmd                                  0x080018cd   Thumb Code    24  stm32f10x_tim.o(i.TIM_Cmd)
    TIM_CtrlPWMOutputs                       0x080018e5   Thumb Code    30  stm32f10x_tim.o(i.TIM_CtrlPWMOutputs)
    TIM_GetCapture4                          0x08001903   Thumb Code     8  stm32f10x_tim.o(i.TIM_GetCapture4)
    TIM_GetITStatus                          0x0800190b   Thumb Code    34  stm32f10x_tim.o(i.TIM_GetITStatus)
    TIM_ITConfig                             0x0800192d   Thumb Code    18  stm32f10x_tim.o(i.TIM_ITConfig)
    TIM_OC3Init                              0x08001941   Thumb Code   150  stm32f10x_tim.o(i.TIM_OC3Init)
    TIM_OC3PreloadConfig                     0x080019e1   Thumb Code    18  stm32f10x_tim.o(i.TIM_OC3PreloadConfig)
    TIM_OC4Init                              0x080019f5   Thumb Code   114  stm32f10x_tim.o(i.TIM_OC4Init)
    TIM_OC4PreloadConfig                     0x08001a71   Thumb Code    26  stm32f10x_tim.o(i.TIM_OC4PreloadConfig)
    TIM_OCStructInit                         0x08001a8b   Thumb Code    20  stm32f10x_tim.o(i.TIM_OCStructInit)
    TIM_SetCompare3                          0x08001a9f   Thumb Code     4  stm32f10x_tim.o(i.TIM_SetCompare3)
    TIM_SetCompare4                          0x08001aa3   Thumb Code     6  stm32f10x_tim.o(i.TIM_SetCompare4)
    TIM_TimeBaseInit                         0x08001aa9   Thumb Code   122  stm32f10x_tim.o(i.TIM_TimeBaseInit)
    TIM_TimeBaseStructInit                   0x08001b4d   Thumb Code    18  stm32f10x_tim.o(i.TIM_TimeBaseStructInit)
    VL53L0X_Initialize                       0x08001b5f   Thumb Code    12  vl53l0x_initialize.o(i.VL53L0X_Initialize)
    VL53L0X_getMeasurementTimingBudget       0x08001ba5   Thumb Code   138  vl53l0x.o(i.VL53L0X_getMeasurementTimingBudget)
    VL53L0X_getSequenceStepEnables           0x08001c35   Thumb Code    42  vl53l0x.o(i.VL53L0X_getSequenceStepEnables)
    VL53L0X_getSequenceStepTimeouts          0x08001c5f   Thumb Code   104  vl53l0x.o(i.VL53L0X_getSequenceStepTimeouts)
    VL53L0X_getSpadInfo                      0x08001cc9   Thumb Code   212  vl53l0x.o(i.VL53L0X_getSpadInfo)
    VL53L0X_getVcselPulsePeriod              0x08001da1   Thumb Code    38  vl53l0x.o(i.VL53L0X_getVcselPulsePeriod)
    VL53L0X_init                             0x08001dc9   Thumb Code  1084  vl53l0x.o(i.VL53L0X_init)
    VL53L0X_performSingleRefCalibration      0x08002205   Thumb Code    56  vl53l0x.o(i.VL53L0X_performSingleRefCalibration)
    VL53L0X_readMulti                        0x08002241   Thumb Code   266  vl53l0x.o(i.VL53L0X_readMulti)
    VL53L0X_readRangeContinuousMillimeters   0x08002361   Thumb Code    44  vl53l0x.o(i.VL53L0X_readRangeContinuousMillimeters)
    VL53L0X_readReg                          0x08002391   Thumb Code   262  vl53l0x.o(i.VL53L0X_readReg)
    VL53L0X_readReg16Bit                     0x080024ad   Thumb Code   270  vl53l0x.o(i.VL53L0X_readReg16Bit)
    VL53L0X_setAddress                       0x080025d1   Thumb Code    26  vl53l0x.o(i.VL53L0X_setAddress)
    VL53L0X_setMeasurementTimingBudget       0x080025f1   Thumb Code   214  vl53l0x.o(i.VL53L0X_setMeasurementTimingBudget)
    VL53L0X_setSignalRateLimit               0x080026cd   Thumb Code    66  vl53l0x.o(i.VL53L0X_setSignalRateLimit)
    VL53L0X_startContinuous                  0x08002719   Thumb Code   104  vl53l0x.o(i.VL53L0X_startContinuous)
    VL53L0X_writeMulti                       0x080027d9   Thumb Code   158  vl53l0x.o(i.VL53L0X_writeMulti)
    VL53L0X_writeReg                         0x0800288d   Thumb Code   126  vl53l0x.o(i.VL53L0X_writeReg)
    VL53L0X_writeReg16Bit                    0x08002921   Thumb Code   158  vl53l0x.o(i.VL53L0X_writeReg16Bit)
    VL53L0X_writeReg32Bit                    0x080029d5   Thumb Code   158  vl53l0x.o(i.VL53L0X_writeReg32Bit)
    delay_ms                                 0x08002ab1   Thumb Code    90  settings.o(i.delay_ms)
    getNeededAngle                           0x08002b15   Thumb Code     8  rpconnection.o(i.getNeededAngle)
    getNeededSpeed                           0x08002b21   Thumb Code     8  rpconnection.o(i.getNeededSpeed)
    inform_error                             0x08002b2d   Thumb Code     2  settings.o(i.inform_error)
    main                                     0x08002b2f   Thumb Code    36  main.o(i.main)
    readSharp                                0x08002c05   Thumb Code   310  sharp.o(i.readSharp)
    __aeabi_d2f                              0x08002fb9   Thumb Code     0  d2f.o(x$fpl$d2f)
    _d2f                                     0x08002fb9   Thumb Code    98  d2f.o(x$fpl$d2f)
    __aeabi_dadd                             0x0800301d   Thumb Code     0  daddsub_clz.o(x$fpl$dadd)
    _dadd                                    0x0800301d   Thumb Code   332  daddsub_clz.o(x$fpl$dadd)
    __fpl_dcmp_Inf                           0x0800316d   Thumb Code    24  dcmpi.o(x$fpl$dcmpinf)
    __aeabi_ddiv                             0x08003185   Thumb Code     0  ddiv.o(x$fpl$ddiv)
    _ddiv                                    0x08003185   Thumb Code   552  ddiv.o(x$fpl$ddiv)
    __aeabi_d2uiz                            0x08003435   Thumb Code     0  dfixu.o(x$fpl$dfixu)
    _dfixu                                   0x08003435   Thumb Code    90  dfixu.o(x$fpl$dfixu)
    __aeabi_i2d                              0x0800348f   Thumb Code     0  dflt_clz.o(x$fpl$dflt)
    _dflt                                    0x0800348f   Thumb Code    46  dflt_clz.o(x$fpl$dflt)
    __aeabi_ui2d                             0x080034bd   Thumb Code     0  dflt_clz.o(x$fpl$dfltu)
    _dfltu                                   0x080034bd   Thumb Code    38  dflt_clz.o(x$fpl$dfltu)
    __aeabi_cdcmple                          0x080034e5   Thumb Code     0  dleqf.o(x$fpl$dleqf)
    _dcmple                                  0x080034e5   Thumb Code   120  dleqf.o(x$fpl$dleqf)
    __fpl_dcmple_InfNaN                      0x08003547   Thumb Code     0  dleqf.o(x$fpl$dleqf)
    __aeabi_dmul                             0x0800355d   Thumb Code     0  dmul.o(x$fpl$dmul)
    _dmul                                    0x0800355d   Thumb Code   332  dmul.o(x$fpl$dmul)
    __fpl_dnaninf                            0x080036b1   Thumb Code   156  dnaninf.o(x$fpl$dnaninf)
    __fpl_dretinf                            0x0800374d   Thumb Code    12  dretinf.o(x$fpl$dretinf)
    __aeabi_cdrcmple                         0x08003759   Thumb Code     0  drleqf.o(x$fpl$drleqf)
    _drcmple                                 0x08003759   Thumb Code   108  drleqf.o(x$fpl$drleqf)
    __aeabi_drsub                            0x080037c5   Thumb Code     0  daddsub_clz.o(x$fpl$drsb)
    _drsb                                    0x080037c5   Thumb Code    22  daddsub_clz.o(x$fpl$drsb)
    __aeabi_dsub                             0x080037dd   Thumb Code     0  daddsub_clz.o(x$fpl$dsub)
    _dsub                                    0x080037dd   Thumb Code   464  daddsub_clz.o(x$fpl$dsub)
    __aeabi_f2d                              0x080039b1   Thumb Code     0  f2d.o(x$fpl$f2d)
    _f2d                                     0x080039b1   Thumb Code    86  f2d.o(x$fpl$f2d)
    __aeabi_fadd                             0x08003a09   Thumb Code     0  faddsub_clz.o(x$fpl$fadd)
    _fadd                                    0x08003a09   Thumb Code   196  faddsub_clz.o(x$fpl$fadd)
    __fpl_fcmp_Inf                           0x08003acd   Thumb Code    24  fcmpi.o(x$fpl$fcmpinf)
    __aeabi_fdiv                             0x08003ae5   Thumb Code     0  fdiv.o(x$fpl$fdiv)
    _fdiv                                    0x08003ae5   Thumb Code   384  fdiv.o(x$fpl$fdiv)
    __aeabi_f2uiz                            0x08003c69   Thumb Code     0  ffixu.o(x$fpl$ffixu)
    _ffixu                                   0x08003c69   Thumb Code    62  ffixu.o(x$fpl$ffixu)
    __aeabi_cfcmple                          0x08003ca9   Thumb Code     0  fleqf.o(x$fpl$fleqf)
    _fcmple                                  0x08003ca9   Thumb Code   104  fleqf.o(x$fpl$fleqf)
    __fpl_fcmple_InfNaN                      0x08003cfb   Thumb Code     0  fleqf.o(x$fpl$fleqf)
    __aeabi_fmul                             0x08003d11   Thumb Code     0  fmul.o(x$fpl$fmul)
    _fmul                                    0x08003d11   Thumb Code   258  fmul.o(x$fpl$fmul)
    __fpl_fnaninf                            0x08003e13   Thumb Code   140  fnaninf.o(x$fpl$fnaninf)
    __fpl_fretinf                            0x08003e9f   Thumb Code    10  fretinf.o(x$fpl$fretinf)
    __aeabi_cfrcmple                         0x08003ea9   Thumb Code     0  frleqf.o(x$fpl$frleqf)
    _frcmple                                 0x08003ea9   Thumb Code    98  frleqf.o(x$fpl$frleqf)
    __aeabi_fsub                             0x08003f0d   Thumb Code     0  faddsub_clz.o(x$fpl$fsub)
    _fsub                                    0x08003f0d   Thumb Code   234  faddsub_clz.o(x$fpl$fsub)
    __I$use$fp                               0x08003ff6   Number         0  usenofp.o(x$fpl$usenofp)
    Region$$Table$$Base                      0x08003ff8   Number         0  anon$$obj.o(Region$$Table)
    Region$$Table$$Limit                     0x08004018   Number         0  anon$$obj.o(Region$$Table)
    times                                    0x20000004   Data           1  main.o(.data)
    SystemCoreClock                          0x20000048   Data           4  system_stm32f10x.o(.data)
    AHBPrescTable                            0x2000004c   Data          16  system_stm32f10x.o(.data)
    VL53L0X                                  0x20000098   Data          20  vl53l0x.o(.bss)
    __libspace_start                         0x200000ac   Data          96  libspace.o(.bss)
    __temporary_stack_top$libspace           0x2000010c   Data           0  libspace.o(.bss)



==============================================================================

Memory Map of the image

  Image Entry point : 0x08000189

  Load Region LR_1 (Base: 0x08000000, Size: 0x00004074, Max: 0xffffffff, ABSOLUTE)

    Execution Region ER_RO (Exec base: 0x08000000, Load base: 0x08000000, Size: 0x00004018, Max: 0xffffffff, ABSOLUTE)

    Exec Addr    Load Addr    Size         Type   Attr      Idx    E Section Name        Object

    0x08000000   0x08000000   0x000000ec   Data   RO         4261    RESET               startup_stm32f10x_md.o
    0x080000ec   0x080000ec   0x00000008   Code   RO         4351  * !!!main             c_w.l(__main.o)
    0x080000f4   0x080000f4   0x00000034   Code   RO         4634    !!!scatter          c_w.l(__scatter.o)
    0x08000128   0x08000128   0x0000001a   Code   RO         4636    !!handler_copy      c_w.l(__scatter_copy.o)
    0x08000142   0x08000142   0x00000002   PAD
    0x08000144   0x08000144   0x0000001c   Code   RO         4638    !!handler_zi        c_w.l(__scatter_zi.o)
    0x08000160   0x08000160   0x00000002   Code   RO         4507    .ARM.Collect$$libinit$$00000000  c_w.l(libinit.o)
    0x08000162   0x08000162   0x00000000   Code   RO         4509    .ARM.Collect$$libinit$$00000002  c_w.l(libinit2.o)
    0x08000162   0x08000162   0x00000000   Code   RO         4511    .ARM.Collect$$libinit$$00000004  c_w.l(libinit2.o)
    0x08000162   0x08000162   0x00000000   Code   RO         4514    .ARM.Collect$$libinit$$0000000A  c_w.l(libinit2.o)
    0x08000162   0x08000162   0x00000000   Code   RO         4516    .ARM.Collect$$libinit$$0000000C  c_w.l(libinit2.o)
    0x08000162   0x08000162   0x00000000   Code   RO         4518    .ARM.Collect$$libinit$$0000000E  c_w.l(libinit2.o)
    0x08000162   0x08000162   0x00000000   Code   RO         4521    .ARM.Collect$$libinit$$00000011  c_w.l(libinit2.o)
    0x08000162   0x08000162   0x00000000   Code   RO         4523    .ARM.Collect$$libinit$$00000013  c_w.l(libinit2.o)
    0x08000162   0x08000162   0x00000000   Code   RO         4525    .ARM.Collect$$libinit$$00000015  c_w.l(libinit2.o)
    0x08000162   0x08000162   0x00000000   Code   RO         4527    .ARM.Collect$$libinit$$00000017  c_w.l(libinit2.o)
    0x08000162   0x08000162   0x00000000   Code   RO         4529    .ARM.Collect$$libinit$$00000019  c_w.l(libinit2.o)
    0x08000162   0x08000162   0x00000000   Code   RO         4531    .ARM.Collect$$libinit$$0000001B  c_w.l(libinit2.o)
    0x08000162   0x08000162   0x00000000   Code   RO         4533    .ARM.Collect$$libinit$$0000001D  c_w.l(libinit2.o)
    0x08000162   0x08000162   0x00000000   Code   RO         4535    .ARM.Collect$$libinit$$0000001F  c_w.l(libinit2.o)
    0x08000162   0x08000162   0x00000000   Code   RO         4537    .ARM.Collect$$libinit$$00000021  c_w.l(libinit2.o)
    0x08000162   0x08000162   0x00000000   Code   RO         4539    .ARM.Collect$$libinit$$00000023  c_w.l(libinit2.o)
    0x08000162   0x08000162   0x00000000   Code   RO         4541    .ARM.Collect$$libinit$$00000025  c_w.l(libinit2.o)
    0x08000162   0x08000162   0x00000000   Code   RO         4545    .ARM.Collect$$libinit$$0000002C  c_w.l(libinit2.o)
    0x08000162   0x08000162   0x00000000   Code   RO         4547    .ARM.Collect$$libinit$$0000002E  c_w.l(libinit2.o)
    0x08000162   0x08000162   0x00000000   Code   RO         4549    .ARM.Collect$$libinit$$00000030  c_w.l(libinit2.o)
    0x08000162   0x08000162   0x00000000   Code   RO         4551    .ARM.Collect$$libinit$$00000032  c_w.l(libinit2.o)
    0x08000162   0x08000162   0x00000002   Code   RO         4552    .ARM.Collect$$libinit$$00000033  c_w.l(libinit2.o)
    0x08000164   0x08000164   0x00000002   Code   RO         4582    .ARM.Collect$$libshutdown$$00000000  c_w.l(libshutdown.o)
    0x08000166   0x08000166   0x00000000   Code   RO         4593    .ARM.Collect$$libshutdown$$00000002  c_w.l(libshutdown2.o)
    0x08000166   0x08000166   0x00000000   Code   RO         4595    .ARM.Collect$$libshutdown$$00000004  c_w.l(libshutdown2.o)
    0x08000166   0x08000166   0x00000000   Code   RO         4598    .ARM.Collect$$libshutdown$$00000007  c_w.l(libshutdown2.o)
    0x08000166   0x08000166   0x00000000   Code   RO         4601    .ARM.Collect$$libshutdown$$0000000A  c_w.l(libshutdown2.o)
    0x08000166   0x08000166   0x00000000   Code   RO         4603    .ARM.Collect$$libshutdown$$0000000C  c_w.l(libshutdown2.o)
    0x08000166   0x08000166   0x00000000   Code   RO         4606    .ARM.Collect$$libshutdown$$0000000F  c_w.l(libshutdown2.o)
    0x08000166   0x08000166   0x00000002   Code   RO         4607    .ARM.Collect$$libshutdown$$00000010  c_w.l(libshutdown2.o)
    0x08000168   0x08000168   0x00000000   Code   RO         4411    .ARM.Collect$$rtentry$$00000000  c_w.l(__rtentry.o)
    0x08000168   0x08000168   0x00000000   Code   RO         4438    .ARM.Collect$$rtentry$$00000002  c_w.l(__rtentry2.o)
    0x08000168   0x08000168   0x00000006   Code   RO         4450    .ARM.Collect$$rtentry$$00000004  c_w.l(__rtentry4.o)
    0x0800016e   0x0800016e   0x00000000   Code   RO         4440    .ARM.Collect$$rtentry$$00000009  c_w.l(__rtentry2.o)
    0x0800016e   0x0800016e   0x00000004   Code   RO         4441    .ARM.Collect$$rtentry$$0000000A  c_w.l(__rtentry2.o)
    0x08000172   0x08000172   0x00000000   Code   RO         4443    .ARM.Collect$$rtentry$$0000000C  c_w.l(__rtentry2.o)
    0x08000172   0x08000172   0x00000008   Code   RO         4444    .ARM.Collect$$rtentry$$0000000D  c_w.l(__rtentry2.o)
    0x0800017a   0x0800017a   0x00000002   Code   RO         4553    .ARM.Collect$$rtexit$$00000000  c_w.l(rtexit.o)
    0x0800017c   0x0800017c   0x00000000   Code   RO         4560    .ARM.Collect$$rtexit$$00000002  c_w.l(rtexit2.o)
    0x0800017c   0x0800017c   0x00000004   Code   RO         4561    .ARM.Collect$$rtexit$$00000003  c_w.l(rtexit2.o)
    0x08000180   0x08000180   0x00000006   Code   RO         4562    .ARM.Collect$$rtexit$$00000004  c_w.l(rtexit2.o)
    0x08000186   0x08000186   0x00000002   PAD
    0x08000188   0x08000188   0x00000040   Code   RO         4262  * .text               startup_stm32f10x_md.o
    0x080001c8   0x080001c8   0x00000006   Code   RO         4349    .text               c_w.l(heapauxi.o)
    0x080001ce   0x080001ce   0x00000002   PAD
    0x080001d0   0x080001d0   0x00000008   Code   RO         4493    .text               c_w.l(libspace.o)
    0x080001d8   0x080001d8   0x0000004a   Code   RO         4496    .text               c_w.l(sys_stackheap_outer.o)
    0x08000222   0x08000222   0x00000012   Code   RO         4498    .text               c_w.l(exit.o)
    0x08000234   0x08000234   0x0000000c   Code   RO         4572    .text               c_w.l(sys_exit.o)
    0x08000240   0x08000240   0x00000002   Code   RO         4583    .text               c_w.l(use_no_semi.o)
    0x08000242   0x08000242   0x00000000   Code   RO         4585    .text               c_w.l(indicate_semi.o)
    0x08000242   0x08000242   0x00000016   Code   RO          872    i.ADC_AutoInjectedConvCmd  stm32f10x_adc.o
    0x08000258   0x08000258   0x00000016   Code   RO          875    i.ADC_Cmd           stm32f10x_adc.o
    0x0800026e   0x0800026e   0x00000010   Code   RO          882    i.ADC_ExternalTrigInjectedConvConfig  stm32f10x_adc.o
    0x0800027e   0x0800027e   0x00000014   Code   RO          883    i.ADC_GetCalibrationStatus  stm32f10x_adc.o
    0x08000292   0x08000292   0x0000001c   Code   RO          888    i.ADC_GetInjectedConversionValue  stm32f10x_adc.o
    0x080002ae   0x080002ae   0x00000014   Code   RO          889    i.ADC_GetResetCalibrationStatus  stm32f10x_adc.o
    0x080002c2   0x080002c2   0x00000002   PAD
    0x080002c4   0x080002c4   0x00000050   Code   RO          893    i.ADC_Init          stm32f10x_adc.o
    0x08000314   0x08000314   0x00000082   Code   RO          894    i.ADC_InjectedChannelConfig  stm32f10x_adc.o
    0x08000396   0x08000396   0x00000018   Code   RO          896    i.ADC_InjectedSequencerLengthConfig  stm32f10x_adc.o
    0x080003ae   0x080003ae   0x0000000a   Code   RO          898    i.ADC_ResetCalibration  stm32f10x_adc.o
    0x080003b8   0x080003b8   0x00000016   Code   RO          901    i.ADC_SoftwareStartInjectedConvCmd  stm32f10x_adc.o
    0x080003ce   0x080003ce   0x0000000a   Code   RO          902    i.ADC_StartCalibration  stm32f10x_adc.o
    0x080003d8   0x080003d8   0x0000000a   Code   RO          300    i.AngletoPWM        servo.o
    0x080003e2   0x080003e2   0x00000002   PAD
    0x080003e4   0x080003e4   0x0000001c   Code   RO          301    i.ChangeAngle       servo.o
    0x08000400   0x08000400   0x00000184   Code   RO          237    i.ChangeSpeed       engine.o
    0x08000584   0x08000584   0x00000002   Code   RO         4064    i.DMA1_Channel1_Event  dma_stm32f10x.o
    0x08000586   0x08000586   0x00000002   PAD
    0x08000588   0x08000588   0x0000001c   Code   RO         4065    i.DMA1_Channel1_IRQHandler  dma_stm32f10x.o
    0x080005a4   0x080005a4   0x00000002   Code   RO         4066    i.DMA1_Channel2_Event  dma_stm32f10x.o
    0x080005a6   0x080005a6   0x00000002   PAD
    0x080005a8   0x080005a8   0x0000001c   Code   RO         4067    i.DMA1_Channel2_IRQHandler  dma_stm32f10x.o
    0x080005c4   0x080005c4   0x00000002   Code   RO         4068    i.DMA1_Channel3_Event  dma_stm32f10x.o
    0x080005c6   0x080005c6   0x00000002   PAD
    0x080005c8   0x080005c8   0x0000001c   Code   RO         4069    i.DMA1_Channel3_IRQHandler  dma_stm32f10x.o
    0x080005e4   0x080005e4   0x00000002   Code   RO         4070    i.DMA1_Channel4_Event  dma_stm32f10x.o
    0x080005e6   0x080005e6   0x00000002   PAD
    0x080005e8   0x080005e8   0x0000001c   Code   RO         4071    i.DMA1_Channel4_IRQHandler  dma_stm32f10x.o
    0x08000604   0x08000604   0x00000002   Code   RO         4072    i.DMA1_Channel5_Event  dma_stm32f10x.o
    0x08000606   0x08000606   0x00000002   PAD
    0x08000608   0x08000608   0x0000001c   Code   RO         4073    i.DMA1_Channel5_IRQHandler  dma_stm32f10x.o
    0x08000624   0x08000624   0x00000002   Code   RO         4074    i.DMA1_Channel6_Event  dma_stm32f10x.o
    0x08000626   0x08000626   0x00000002   PAD
    0x08000628   0x08000628   0x0000001c   Code   RO         4075    i.DMA1_Channel6_IRQHandler  dma_stm32f10x.o
    0x08000644   0x08000644   0x00000002   Code   RO         4076    i.DMA1_Channel7_Event  dma_stm32f10x.o
    0x08000646   0x08000646   0x00000002   PAD
    0x08000648   0x08000648   0x0000001c   Code   RO         4077    i.DMA1_Channel7_IRQHandler  dma_stm32f10x.o
    0x08000664   0x08000664   0x00000024   Code   RO          238    i.EXTI15_10_IRQHandler  engine.o
    0x08000688   0x08000688   0x0000000c   Code   RO         1727    i.EXTI_ClearITPendingBit  stm32f10x_exti.o
    0x08000694   0x08000694   0x00000028   Code   RO         1731    i.EXTI_GetITStatus  stm32f10x_exti.o
    0x080006bc   0x080006bc   0x00000094   Code   RO         1732    i.EXTI_Init         stm32f10x_exti.o
    0x08000750   0x08000750   0x00000010   Code   RO         1733    i.EXTI_StructInit   stm32f10x_exti.o
    0x08000760   0x08000760   0x000000b0   Code   RO          239    i.EngineInit        engine.o
    0x08000810   0x08000810   0x00000050   Code   RO          734    i.EnginePID         pid.o
    0x08000860   0x08000860   0x00000040   Code   RO         2113    i.GPIO_EXTILineConfig  stm32f10x_gpio.o
    0x080008a0   0x080008a0   0x00000116   Code   RO         2116    i.GPIO_Init         stm32f10x_gpio.o
    0x080009b6   0x080009b6   0x00000002   PAD
    0x080009b8   0x080009b8   0x00000090   Code   RO         2118    i.GPIO_PinRemapConfig  stm32f10x_gpio.o
    0x08000a48   0x08000a48   0x00000004   Code   RO         2123    i.GPIO_ResetBits    stm32f10x_gpio.o
    0x08000a4c   0x08000a4c   0x00000004   Code   RO         2124    i.GPIO_SetBits      stm32f10x_gpio.o
    0x08000a50   0x08000a50   0x00000070   Code   RO          492    i.GPIO_setting      vl53l0x_initialize.o
    0x08000ac0   0x08000ac0   0x00000010   Code   RO          302    i.GetAngle          servo.o
    0x08000ad0   0x08000ad0   0x0000006c   Code   RO          493    i.I2C1_setting      vl53l0x_initialize.o
    0x08000b3c   0x08000b3c   0x00000018   Code   RO         2237    i.I2C_AcknowledgeConfig  stm32f10x_i2c.o
    0x08000b54   0x08000b54   0x0000002a   Code   RO         2239    i.I2C_CheckEvent    stm32f10x_i2c.o
    0x08000b7e   0x08000b7e   0x00000018   Code   RO         2242    i.I2C_Cmd           stm32f10x_i2c.o
    0x08000b96   0x08000b96   0x00000002   PAD
    0x08000b98   0x08000b98   0x00000038   Code   RO         2245    i.I2C_DeInit        stm32f10x_i2c.o
    0x08000bd0   0x08000bd0   0x00000018   Code   RO         2249    i.I2C_GenerateSTART  stm32f10x_i2c.o
    0x08000be8   0x08000be8   0x00000018   Code   RO         2250    i.I2C_GenerateSTOP  stm32f10x_i2c.o
    0x08000c00   0x08000c00   0x0000003a   Code   RO         2251    i.I2C_GetFlagStatus  stm32f10x_i2c.o
    0x08000c3a   0x08000c3a   0x00000002   PAD
    0x08000c3c   0x08000c3c   0x000000ec   Code   RO         2256    i.I2C_Init          stm32f10x_i2c.o
    0x08000d28   0x08000d28   0x00000008   Code   RO         2261    i.I2C_ReceiveData   stm32f10x_i2c.o
    0x08000d30   0x08000d30   0x00000012   Code   RO         2263    i.I2C_Send7bitAddress  stm32f10x_i2c.o
    0x08000d42   0x08000d42   0x00000004   Code   RO         2264    i.I2C_SendData      stm32f10x_i2c.o
    0x08000d46   0x08000d46   0x00000002   PAD
    0x08000d48   0x08000d48   0x000000d4   Code   RO          451    i.InitSharp         sharp.o
    0x08000e1c   0x08000e1c   0x00000070   Code   RO          821    i.NVIC_Init         misc.o
    0x08000e8c   0x08000e8c   0x00000014   Code   RO          822    i.NVIC_PriorityGroupConfig  misc.o
    0x08000ea0   0x08000ea0   0x00000080   Code   RO          240    i.OptronInit        engine.o
    0x08000f20   0x08000f20   0x000000b8   Code   RO          345    i.ProximitySensors_Init  proximitysensors.o
    0x08000fd8   0x08000fd8   0x00000048   Code   RO          346    i.ProximitySensors_Read  proximitysensors.o
    0x08001020   0x08001020   0x00000018   Code   RO         2578    i.RCC_ADCCLKConfig  stm32f10x_rcc.o
    0x08001038   0x08001038   0x00000020   Code   RO         2580    i.RCC_APB1PeriphClockCmd  stm32f10x_rcc.o
    0x08001058   0x08001058   0x00000020   Code   RO         2581    i.RCC_APB1PeriphResetCmd  stm32f10x_rcc.o
    0x08001078   0x08001078   0x00000020   Code   RO         2582    i.RCC_APB2PeriphClockCmd  stm32f10x_rcc.o
    0x08001098   0x08001098   0x0000004c   Code   RO         2589    i.RCC_DeInit        stm32f10x_rcc.o
    0x080010e4   0x080010e4   0x000000d4   Code   RO         2590    i.RCC_GetClocksFreq  stm32f10x_rcc.o
    0x080011b8   0x080011b8   0x0000003c   Code   RO         2591    i.RCC_GetFlagStatus  stm32f10x_rcc.o
    0x080011f4   0x080011f4   0x00000010   Code   RO         2593    i.RCC_GetSYSCLKSource  stm32f10x_rcc.o
    0x08001204   0x08001204   0x00000018   Code   RO         2594    i.RCC_HCLKConfig    stm32f10x_rcc.o
    0x0800121c   0x0800121c   0x0000004c   Code   RO         2595    i.RCC_HSEConfig     stm32f10x_rcc.o
    0x08001268   0x08001268   0x00000018   Code   RO         2601    i.RCC_PCLK1Config   stm32f10x_rcc.o
    0x08001280   0x08001280   0x00000018   Code   RO         2602    i.RCC_PCLK2Config   stm32f10x_rcc.o
    0x08001298   0x08001298   0x0000000c   Code   RO         2603    i.RCC_PLLCmd        stm32f10x_rcc.o
    0x080012a4   0x080012a4   0x0000001c   Code   RO         2604    i.RCC_PLLConfig     stm32f10x_rcc.o
    0x080012c0   0x080012c0   0x00000018   Code   RO         2607    i.RCC_SYSCLKConfig  stm32f10x_rcc.o
    0x080012d8   0x080012d8   0x00000038   Code   RO         2609    i.RCC_WaitForHSEStartUp  stm32f10x_rcc.o
    0x08001310   0x08001310   0x000000c0   Code   RO          774    i.RPConnection_Init  rpconnection.o
    0x080013d0   0x080013d0   0x00000014   Code   RO          533    i.Read_from_One     vl53l0x.o
    0x080013e4   0x080013e4   0x00000090   Code   RO          775    i.SPI2_IRQHandler   rpconnection.o
    0x08001474   0x08001474   0x00000018   Code   RO         3095    i.SPI_Cmd           stm32f10x_spi.o
    0x0800148c   0x0800148c   0x00000014   Code   RO         3100    i.SPI_I2S_ClearITPendingBit  stm32f10x_spi.o
    0x080014a0   0x080014a0   0x00000012   Code   RO         3103    i.SPI_I2S_GetFlagStatus  stm32f10x_spi.o
    0x080014b2   0x080014b2   0x00000034   Code   RO         3104    i.SPI_I2S_GetITStatus  stm32f10x_spi.o
    0x080014e6   0x080014e6   0x00000020   Code   RO         3105    i.SPI_I2S_ITConfig  stm32f10x_spi.o
    0x08001506   0x08001506   0x00000006   Code   RO         3106    i.SPI_I2S_ReceiveData  stm32f10x_spi.o
    0x0800150c   0x0800150c   0x0000003c   Code   RO         3108    i.SPI_Init          stm32f10x_spi.o
    0x08001548   0x08001548   0x000000c4   Code   RO          303    i.ServoInit         servo.o
    0x0800160c   0x0800160c   0x00000008   Code   RO         4269    i.SetSysClock       system_stm32f10x.o
    0x08001614   0x08001614   0x00000058   Code   RO            4    i.SetSysClockTo72   settings.o
    0x0800166c   0x0800166c   0x000000e0   Code   RO         4270    i.SetSysClockTo72   system_stm32f10x.o
    0x0800174c   0x0800174c   0x00000028   Code   RO          825    i.SysTick_CLKSourceConfig  misc.o
    0x08001774   0x08001774   0x00000018   Code   RO            5    i.SysTick_Handler   settings.o
    0x0800178c   0x0800178c   0x0000001a   Code   RO            6    i.SysTick_setting   settings.o
    0x080017a6   0x080017a6   0x00000002   PAD
    0x080017a8   0x080017a8   0x00000060   Code   RO         4272    i.SystemInit        system_stm32f10x.o
    0x08001808   0x08001808   0x0000005c   Code   RO          169    i.TIM2_IRQHandler   main.o
    0x08001864   0x08001864   0x00000062   Code   RO          170    i.TIMTransmit_IRQ_Init  main.o
    0x080018c6   0x080018c6   0x00000006   Code   RO         3257    i.TIM_ClearITPendingBit  stm32f10x_tim.o
    0x080018cc   0x080018cc   0x00000018   Code   RO         3262    i.TIM_Cmd           stm32f10x_tim.o
    0x080018e4   0x080018e4   0x0000001e   Code   RO         3264    i.TIM_CtrlPWMOutputs  stm32f10x_tim.o
    0x08001902   0x08001902   0x00000008   Code   RO         3280    i.TIM_GetCapture4   stm32f10x_tim.o
    0x0800190a   0x0800190a   0x00000022   Code   RO         3283    i.TIM_GetITStatus   stm32f10x_tim.o
    0x0800192c   0x0800192c   0x00000012   Code   RO         3287    i.TIM_ITConfig      stm32f10x_tim.o
    0x0800193e   0x0800193e   0x00000002   PAD
    0x08001940   0x08001940   0x000000a0   Code   RO         3301    i.TIM_OC3Init       stm32f10x_tim.o
    0x080019e0   0x080019e0   0x00000012   Code   RO         3304    i.TIM_OC3PreloadConfig  stm32f10x_tim.o
    0x080019f2   0x080019f2   0x00000002   PAD
    0x080019f4   0x080019f4   0x0000007c   Code   RO         3306    i.TIM_OC4Init       stm32f10x_tim.o
    0x08001a70   0x08001a70   0x0000001a   Code   RO         3308    i.TIM_OC4PreloadConfig  stm32f10x_tim.o
    0x08001a8a   0x08001a8a   0x00000014   Code   RO         3309    i.TIM_OCStructInit  stm32f10x_tim.o
    0x08001a9e   0x08001a9e   0x00000004   Code   RO         3325    i.TIM_SetCompare3   stm32f10x_tim.o
    0x08001aa2   0x08001aa2   0x00000006   Code   RO         3326    i.TIM_SetCompare4   stm32f10x_tim.o
    0x08001aa8   0x08001aa8   0x000000a4   Code   RO         3333    i.TIM_TimeBaseInit  stm32f10x_tim.o
    0x08001b4c   0x08001b4c   0x00000012   Code   RO         3334    i.TIM_TimeBaseStructInit  stm32f10x_tim.o
    0x08001b5e   0x08001b5e   0x0000000c   Code   RO          494    i.VL53L0X_Initialize  vl53l0x_initialize.o
    0x08001b6a   0x08001b6a   0x0000000e   Code   RO          534    i.VL53L0X_decodeTimeout  vl53l0x.o
    0x08001b78   0x08001b78   0x0000002a   Code   RO          535    i.VL53L0X_encodeTimeout  vl53l0x.o
    0x08001ba2   0x08001ba2   0x00000002   PAD
    0x08001ba4   0x08001ba4   0x00000090   Code   RO          536    i.VL53L0X_getMeasurementTimingBudget  vl53l0x.o
    0x08001c34   0x08001c34   0x0000002a   Code   RO          537    i.VL53L0X_getSequenceStepEnables  vl53l0x.o
    0x08001c5e   0x08001c5e   0x00000068   Code   RO          538    i.VL53L0X_getSequenceStepTimeouts  vl53l0x.o
    0x08001cc6   0x08001cc6   0x00000002   PAD
    0x08001cc8   0x08001cc8   0x000000d8   Code   RO          540    i.VL53L0X_getSpadInfo  vl53l0x.o
    0x08001da0   0x08001da0   0x00000026   Code   RO          541    i.VL53L0X_getVcselPulsePeriod  vl53l0x.o
    0x08001dc6   0x08001dc6   0x00000002   PAD
    0x08001dc8   0x08001dc8   0x0000043c   Code   RO          542    i.VL53L0X_init      vl53l0x.o
    0x08002204   0x08002204   0x0000003c   Code   RO          543    i.VL53L0X_performSingleRefCalibration  vl53l0x.o
    0x08002240   0x08002240   0x00000120   Code   RO          544    i.VL53L0X_readMulti  vl53l0x.o
    0x08002360   0x08002360   0x00000030   Code   RO          545    i.VL53L0X_readRangeContinuousMillimeters  vl53l0x.o
    0x08002390   0x08002390   0x0000011c   Code   RO          547    i.VL53L0X_readReg   vl53l0x.o
    0x080024ac   0x080024ac   0x00000124   Code   RO          548    i.VL53L0X_readReg16Bit  vl53l0x.o
    0x080025d0   0x080025d0   0x00000020   Code   RO          550    i.VL53L0X_setAddress  vl53l0x.o
    0x080025f0   0x080025f0   0x000000dc   Code   RO          551    i.VL53L0X_setMeasurementTimingBudget  vl53l0x.o
    0x080026cc   0x080026cc   0x0000004c   Code   RO          552    i.VL53L0X_setSignalRateLimit  vl53l0x.o
    0x08002718   0x08002718   0x0000006c   Code   RO          554    i.VL53L0X_startContinuous  vl53l0x.o
    0x08002784   0x08002784   0x0000002a   Code   RO          556    i.VL53L0X_timeoutMclksToMicroseconds  vl53l0x.o
    0x080027ae   0x080027ae   0x0000002a   Code   RO          557    i.VL53L0X_timeoutMicrosecondsToMclks  vl53l0x.o
    0x080027d8   0x080027d8   0x000000b4   Code   RO          559    i.VL53L0X_writeMulti  vl53l0x.o
    0x0800288c   0x0800288c   0x00000094   Code   RO          560    i.VL53L0X_writeReg  vl53l0x.o
    0x08002920   0x08002920   0x000000b4   Code   RO          561    i.VL53L0X_writeReg16Bit  vl53l0x.o
    0x080029d4   0x080029d4   0x000000b4   Code   RO          562    i.VL53L0X_writeReg32Bit  vl53l0x.o
    0x08002a88   0x08002a88   0x00000028   Code   RO            7    i.__NVIC_SetPriority  settings.o
    0x08002ab0   0x08002ab0   0x00000064   Code   RO            8    i.delay_ms          settings.o
    0x08002b14   0x08002b14   0x0000000c   Code   RO          776    i.getNeededAngle    rpconnection.o
    0x08002b20   0x08002b20   0x0000000c   Code   RO          777    i.getNeededSpeed    rpconnection.o
    0x08002b2c   0x08002b2c   0x00000002   Code   RO           10    i.inform_error      settings.o
    0x08002b2e   0x08002b2e   0x00000024   Code   RO          171    i.main              main.o
    0x08002b52   0x08002b52   0x000000b0   Code   RO          736    i.pid               pid.o
    0x08002c02   0x08002c02   0x00000002   PAD
    0x08002c04   0x08002c04   0x00000148   Code   RO          452    i.readSharp         sharp.o
    0x08002d4c   0x08002d4c   0x0000026c   Code   RO          453    i.voltToDistance    sharp.o
    0x08002fb8   0x08002fb8   0x00000062   Code   RO         4353    x$fpl$d2f           fz_ws.l(d2f.o)
    0x0800301a   0x0800301a   0x00000002   PAD
    0x0800301c   0x0800301c   0x00000150   Code   RO         4355    x$fpl$dadd          fz_ws.l(daddsub_clz.o)
    0x0800316c   0x0800316c   0x00000018   Code   RO         4424    x$fpl$dcmpinf       fz_ws.l(dcmpi.o)
    0x08003184   0x08003184   0x000002b0   Code   RO         4362    x$fpl$ddiv          fz_ws.l(ddiv.o)
    0x08003434   0x08003434   0x0000005a   Code   RO         4365    x$fpl$dfixu         fz_ws.l(dfixu.o)
    0x0800348e   0x0800348e   0x0000002e   Code   RO         4370    x$fpl$dflt          fz_ws.l(dflt_clz.o)
    0x080034bc   0x080034bc   0x00000026   Code   RO         4369    x$fpl$dfltu         fz_ws.l(dflt_clz.o)
    0x080034e2   0x080034e2   0x00000002   PAD
    0x080034e4   0x080034e4   0x00000078   Code   RO         4375    x$fpl$dleqf         fz_ws.l(dleqf.o)
    0x0800355c   0x0800355c   0x00000154   Code   RO         4377    x$fpl$dmul          fz_ws.l(dmul.o)
    0x080036b0   0x080036b0   0x0000009c   Code   RO         4426    x$fpl$dnaninf       fz_ws.l(dnaninf.o)
    0x0800374c   0x0800374c   0x0000000c   Code   RO         4428    x$fpl$dretinf       fz_ws.l(dretinf.o)
    0x08003758   0x08003758   0x0000006c   Code   RO         4379    x$fpl$drleqf        fz_ws.l(drleqf.o)
    0x080037c4   0x080037c4   0x00000016   Code   RO         4356    x$fpl$drsb          fz_ws.l(daddsub_clz.o)
    0x080037da   0x080037da   0x00000002   PAD
    0x080037dc   0x080037dc   0x000001d4   Code   RO         4357    x$fpl$dsub          fz_ws.l(daddsub_clz.o)
    0x080039b0   0x080039b0   0x00000056   Code   RO         4381    x$fpl$f2d           fz_ws.l(f2d.o)
    0x08003a06   0x08003a06   0x00000002   PAD
    0x08003a08   0x08003a08   0x000000c4   Code   RO         4383    x$fpl$fadd          fz_ws.l(faddsub_clz.o)
    0x08003acc   0x08003acc   0x00000018   Code   RO         4430    x$fpl$fcmpinf       fz_ws.l(fcmpi.o)
    0x08003ae4   0x08003ae4   0x00000184   Code   RO         4390    x$fpl$fdiv          fz_ws.l(fdiv.o)
    0x08003c68   0x08003c68   0x0000003e   Code   RO         4393    x$fpl$ffixu         fz_ws.l(ffixu.o)
    0x08003ca6   0x08003ca6   0x00000002   PAD
    0x08003ca8   0x08003ca8   0x00000068   Code   RO         4403    x$fpl$fleqf         fz_ws.l(fleqf.o)
    0x08003d10   0x08003d10   0x00000102   Code   RO         4405    x$fpl$fmul          fz_ws.l(fmul.o)
    0x08003e12   0x08003e12   0x0000008c   Code   RO         4432    x$fpl$fnaninf       fz_ws.l(fnaninf.o)
    0x08003e9e   0x08003e9e   0x0000000a   Code   RO         4434    x$fpl$fretinf       fz_ws.l(fretinf.o)
    0x08003ea8   0x08003ea8   0x00000062   Code   RO         4407    x$fpl$frleqf        fz_ws.l(frleqf.o)
    0x08003f0a   0x08003f0a   0x00000002   PAD
    0x08003f0c   0x08003f0c   0x000000ea   Code   RO         4385    x$fpl$fsub          fz_ws.l(faddsub_clz.o)
    0x08003ff6   0x08003ff6   0x00000000   Code   RO         4436    x$fpl$usenofp       fz_ws.l(usenofp.o)
    0x08003ff6   0x08003ff6   0x00000002   PAD
    0x08003ff8   0x08003ff8   0x00000020   Data   RO         4632    Region$$Table       anon$$obj.o


    Execution Region ER_RW (Exec base: 0x20000000, Load base: 0x08004018, Size: 0x0000005c, Max: 0xffffffff, ABSOLUTE)

    Exec Addr    Load Addr    Size         Type   Attr      Idx    E Section Name        Object

    0x20000000   0x08004018   0x00000004   Data   RW           11    .data               settings.o
    0x20000004   0x0800401c   0x00000001   Data   RW          172    .data               main.o
    0x20000005   0x0800401d   0x00000001   PAD
    0x20000006   0x0800401e   0x00000004   Data   RW          241    .data               engine.o
    0x2000000a   0x08004022   0x00000005   Data   RW          347    .data               proximitysensors.o
    0x2000000f   0x08004027   0x00000001   Data   RW          455    .data               sharp.o
    0x20000010   0x08004028   0x00000020   Data   RW          737    .data               pid.o
    0x20000030   0x08004048   0x00000004   Data   RW          778    .data               rpconnection.o
    0x20000034   0x0800404c   0x00000014   Data   RW         2610    .data               stm32f10x_rcc.o
    0x20000048   0x08004060   0x00000014   Data   RW         4273    .data               system_stm32f10x.o


    Execution Region ER_ZI (Exec base: 0x2000005c, Load base: 0x08004074, Size: 0x000006b4, Max: 0xffffffff, ABSOLUTE)

    Exec Addr    Load Addr    Size         Type   Attr      Idx    E Section Name        Object

    0x2000005c        -       0x0000003c   Zero   RW          454    .bss                sharp.o
    0x20000098        -       0x00000014   Zero   RW          563    .bss                vl53l0x.o
    0x200000ac        -       0x00000060   Zero   RW         4494    .bss                c_w.l(libspace.o)
    0x2000010c   0x08004074   0x00000004   PAD
    0x20000110        -       0x00000200   Zero   RW         4260    HEAP                startup_stm32f10x_md.o
    0x20000310        -       0x00000400   Zero   RW         4259    STACK               startup_stm32f10x_md.o


==============================================================================

Image component sizes


      Code (inc. data)   RO Data    RW Data    ZI Data      Debug   Object Name

       210         30          0          0          0       7259   dma_stm32f10x.o
       728         62          0          4          0       3463   engine.o
       226          6          0          1          0       1460   main.o
       172         22          0          0          0       2245   misc.o
       256         10          0         32          0       1540   pid.o
       256         14          0          5          0       1484   proximitysensors.o
       360         44          0          4          0       2240   rpconnection.o
       250         18          0          0          0       1825   servo.o
       280         24          0          4          0     300063   settings.o
      1160         94          0          1         60       2224   sharp.o
        64         26        236          0       1536        776   startup_stm32f10x_md.o
       404         10          0          0          0       9845   stm32f10x_adc.o
       216         18          0          0          0       2846   stm32f10x_exti.o
       494         10          0          0          0       4740   stm32f10x_gpio.o
       518         20          0          0          0       8713   stm32f10x_i2c.o
       752        104          0         20          0      12266   stm32f10x_rcc.o
       212          0          0          0          0       5664   stm32f10x_spi.o
       660         62          0          0          0       9975   stm32f10x_tim.o
       328         28          0         20          0       2065   system_stm32f10x.o
      3884        208          0          0         20      19619   vl53l0x.o
       232         20          0          0          0       1461   vl53l0x_initialize.o

    ----------------------------------------------------------------------
     11702        830        268         92       1616     401773   Object Totals
         0          0         32          0          0          0   (incl. Generated)
        40          0          0          1          0          0   (incl. Padding)

    ----------------------------------------------------------------------

      Code (inc. data)   RO Data    RW Data    ZI Data      Debug   Library Member Name

         8          0          0          0          0         68   __main.o
         0          0          0          0          0          0   __rtentry.o
        12          0          0          0          0          0   __rtentry2.o
         6          0          0          0          0          0   __rtentry4.o
        52          8          0          0          0          0   __scatter.o
        26          0          0          0          0          0   __scatter_copy.o
        28          0          0          0          0          0   __scatter_zi.o
        18          0          0          0          0         80   exit.o
         6          0          0          0          0        152   heapauxi.o
         0          0          0          0          0          0   indicate_semi.o
         2          0          0          0          0          0   libinit.o
         2          0          0          0          0          0   libinit2.o
         2          0          0          0          0          0   libshutdown.o
         2          0          0          0          0          0   libshutdown2.o
         8          4          0          0         96         68   libspace.o
         2          0          0          0          0          0   rtexit.o
        10          0          0          0          0          0   rtexit2.o
        12          4          0          0          0         68   sys_exit.o
        74          0          0          0          0         80   sys_stackheap_outer.o
         2          0          0          0          0         68   use_no_semi.o
        98          4          0          0          0         92   d2f.o
       826         16          0          0          0        348   daddsub_clz.o
        24          0          0          0          0         68   dcmpi.o
       688        140          0          0          0        208   ddiv.o
        90          4          0          0          0         92   dfixu.o
        84          0          0          0          0        136   dflt_clz.o
       120          4          0          0          0         92   dleqf.o
       340         12          0          0          0        104   dmul.o
       156          4          0          0          0         92   dnaninf.o
        12          0          0          0          0         68   dretinf.o
       108          0          0          0          0         80   drleqf.o
        86          4          0          0          0         84   f2d.o
       430          8          0          0          0        168   faddsub_clz.o
        24          0          0          0          0         68   fcmpi.o
       388         76          0          0          0         96   fdiv.o
        62          4          0          0          0         84   ffixu.o
       104          4          0          0          0         84   fleqf.o
       258          4          0          0          0         84   fmul.o
       140          4          0          0          0         84   fnaninf.o
        10          0          0          0          0         68   fretinf.o
        98          0          0          0          0         68   frleqf.o
         0          0          0          0          0          0   usenofp.o

    ----------------------------------------------------------------------
      4438        304          0          0        100       2852   Library Totals
        20          0          0          0          4          0   (incl. Padding)

    ----------------------------------------------------------------------

      Code (inc. data)   RO Data    RW Data    ZI Data      Debug   Library Name

       272         16          0          0         96        584   c_w.l
      4146        288          0          0          0       2268   fz_ws.l

    ----------------------------------------------------------------------
      4438        304          0          0        100       2852   Library Totals

    ----------------------------------------------------------------------

==============================================================================


      Code (inc. data)   RO Data    RW Data    ZI Data      Debug   

     16140       1134        268         92       1716     395885   Grand Totals
     16140       1134        268         92       1716     395885   ELF Image Totals
     16140       1134        268         92          0          0   ROM Totals

==============================================================================

    Total RO  Size (Code + RO Data)                16408 (  16.02kB)
    Total RW  Size (RW Data + ZI Data)              1808 (   1.77kB)
    Total ROM Size (Code + RO Data + RW Data)      16500 (  16.11kB)

==============================================================================

